Building for debugging...
[0/9] Write sources
[7/9] Compiling _SwiftSyntaxCShims dummy.c
[8/9] Write swift-version-39B54973F684ADAB.txt
[10/17] Compiling SwiftSyntax601 Empty.swift
[11/17] Emitting module SwiftSyntax600
[12/17] Emitting module SwiftSyntax510
[13/17] Emitting module SwiftSyntax601
[14/17] Compiling SwiftSyntax600 Empty.swift
[15/17] Compiling SwiftSyntax509 Empty.swift
[16/17] Compiling SwiftSyntax510 Empty.swift
[17/17] Emitting module SwiftSyntax509
[18/83] Compiling SwiftSyntax AbsolutePosition.swift
[19/83] Compiling SwiftSyntax AbsoluteRawSyntax.swift
[20/83] Compiling SwiftSyntax AbsoluteSyntaxInfo.swift
[21/83] Compiling SwiftSyntax Assert.swift
[22/83] Compiling SwiftSyntax BumpPtrAllocator.swift
[23/83] Compiling SwiftSyntax CommonAncestor.swift
[24/83] Compiling SwiftSyntax Convenience.swift
[25/83] Compiling SwiftSyntax CustomTraits.swift
[26/90] Compiling SwiftSyntax Tokens.swift
[27/90] Compiling SwiftSyntax TriviaPieces.swift
[28/90] Compiling SwiftSyntax RawSyntaxNodesAB.swift
[29/90] Compiling SwiftSyntax RawSyntaxNodesC.swift
[30/90] Compiling SwiftSyntax RawSyntaxNodesD.swift
[31/90] Compiling SwiftSyntax RawSyntaxNodesEF.swift
[32/90] Compiling SwiftSyntax RawSyntaxNodesGHI.swift
[33/90] Compiling SwiftSyntax SyntaxCollections.swift
[34/90] Compiling SwiftSyntax SyntaxEnum.swift
[35/90] Compiling SwiftSyntax SyntaxKind.swift
[36/90] Compiling SwiftSyntax SyntaxRewriter.swift
[37/90] Compiling SwiftSyntax SyntaxTraits.swift
[38/90] Compiling SwiftSyntax SyntaxVisitor.swift
[39/90] Compiling SwiftSyntax TokenKind.swift
[40/90] Compiling SwiftSyntax EditorPlaceholder.swift
[41/90] Compiling SwiftSyntax Identifier.swift
[42/90] Compiling SwiftSyntax MemoryLayout.swift
[43/90] Compiling SwiftSyntax MissingNodeInitializers.swift
[44/90] Compiling SwiftSyntax RawSyntax.swift
[45/90] Compiling SwiftSyntax RawSyntaxLayoutView.swift
[46/90] Compiling SwiftSyntax RawSyntaxNodeProtocol.swift
[47/90] Compiling SwiftSyntax RawSyntaxTokenView.swift
[48/90] Compiling SwiftSyntax SyntaxProtocol.swift
[49/90] Compiling SwiftSyntax SyntaxText.swift
[50/90] Compiling SwiftSyntax SyntaxTreeViewMode.swift
[51/90] Compiling SwiftSyntax TokenDiagnostic.swift
[52/90] Compiling SwiftSyntax TokenSequence.swift
[53/90] Compiling SwiftSyntax TokenSyntax.swift
[54/90] Compiling SwiftSyntax Trivia.swift
[55/90] Compiling SwiftSyntax SourceEdit.swift
[56/90] Compiling SwiftSyntax SourceLength.swift
[57/90] Compiling SwiftSyntax SourceLocation.swift
[58/90] Compiling SwiftSyntax SourcePresence.swift
[59/90] Compiling SwiftSyntax SwiftSyntaxCompatibility.swift
[60/90] Compiling SwiftSyntax Syntax.swift
[61/90] Compiling SwiftSyntax SyntaxArena.swift
[62/90] Compiling SwiftSyntax SyntaxArenaAllocatedBuffer.swift
[63/90] Compiling SwiftSyntax SyntaxChildren.swift
[64/90] Compiling SwiftSyntax SyntaxCollection.swift
[65/90] Compiling SwiftSyntax SyntaxHashable.swift
[66/90] Compiling SwiftSyntax SyntaxIdentifier.swift
[67/90] Compiling SwiftSyntax SyntaxNodeFactory.swift
[68/90] Compiling SwiftSyntax SyntaxNodeStructure.swift
[69/90] Emitting module SwiftSyntax
[70/90] Compiling SwiftSyntax RawSyntaxNodesJKLMN.swift
[71/90] Compiling SwiftSyntax RawSyntaxNodesOP.swift
[72/90] Compiling SwiftSyntax RawSyntaxNodesQRS.swift
[73/90] Compiling SwiftSyntax RawSyntaxNodesTUVWXYZ.swift
[74/90] Compiling SwiftSyntax RawSyntaxValidation.swift
[75/90] Compiling SwiftSyntax SyntaxNodesAB.swift
[76/90] Compiling SwiftSyntax SyntaxNodesC.swift
[77/90] Compiling SwiftSyntax Utils.swift
[78/90] Compiling SwiftSyntax ChildNameForKeyPath.swift
[79/90] Compiling SwiftSyntax Keyword.swift
[80/90] Compiling SwiftSyntax RenamedChildrenCompatibility.swift
[81/90] Compiling SwiftSyntax RenamedNodesCompatibility.swift
[82/90] Compiling SwiftSyntax SyntaxAnyVisitor.swift
[83/90] Compiling SwiftSyntax SyntaxBaseNodes.swift
[84/90] Compiling SwiftSyntax SyntaxNodesD.swift
[85/90] Compiling SwiftSyntax SyntaxNodesEF.swift
[86/90] Compiling SwiftSyntax SyntaxNodesGHI.swift
[87/90] Compiling SwiftSyntax SyntaxNodesJKLMN.swift
[88/90] Compiling SwiftSyntax SyntaxNodesOP.swift
[89/90] Compiling SwiftSyntax SyntaxNodesQRS.swift
[90/90] Compiling SwiftSyntax SyntaxNodesTUVWXYZ.swift
[91/132] Compiling SwiftParser StringLiterals.swift
[92/132] Compiling SwiftParser SwiftParserCompatibility.swift
[93/132] Compiling SwiftParser SwiftVersion.swift
[94/132] Compiling SwiftParser SyntaxUtils.swift
[95/136] Compiling SwiftParser TopLevel.swift
[96/136] Compiling SwiftParser TriviaParser.swift
[97/136] Compiling SwiftParser Types.swift
[98/136] Compiling SwiftParser ExperimentalFeatures.swift
[99/136] Compiling SwiftParser Nominals.swift
[100/136] Compiling SwiftParser Parameters.swift
[101/136] Compiling SwiftParser ParseSourceFile.swift
[102/136] Compiling SwiftParser Parser.swift
[103/136] Compiling SwiftParser Patterns.swift
[104/136] Compiling SwiftParser TokenConsumer.swift
[105/136] Compiling SwiftParser TokenPrecedence.swift
[106/136] Compiling SwiftParser TokenSpec.swift
[107/136] Compiling SwiftParser TokenSpecSet.swift
[108/136] Compiling SwiftParser UnicodeScalarExtensions.swift
[109/136] Compiling SwiftParser Lookahead.swift
[110/136] Compiling SwiftParser LoopProgressCondition.swift
[111/136] Compiling SwiftParser Modifiers.swift
[112/136] Compiling SwiftParser Names.swift
[113/136] Compiling SwiftParser Recovery.swift
[114/136] Compiling SwiftParser Specifiers.swift
[115/136] Compiling SwiftParser Statements.swift
[116/136] Compiling SwiftParser StringLiteralRepresentedLiteralValue.swift
[117/136] Compiling SwiftParser Directives.swift
[118/136] Compiling SwiftParser ExpressionInterpretedAsVersionTuple.swift
[119/136] Compiling SwiftParser Expressions.swift
[120/136] Compiling SwiftParser IncrementalParseTransition.swift
[121/136] Compiling SwiftParser IsValidIdentifier.swift
[122/136] Compiling SwiftParser Attributes.swift
[123/136] Compiling SwiftParser Availability.swift
[124/136] Compiling SwiftParser CharacterInfo.swift
[125/136] Compiling SwiftParser CollectionNodes+Parsable.swift
[126/136] Compiling SwiftParser Declarations.swift
[127/136] Emitting module SwiftParser
[128/136] Compiling SwiftParser Cursor.swift
[129/136] Compiling SwiftParser Lexeme.swift
[130/136] Compiling SwiftParser LexemeSequence.swift
[131/136] Compiling SwiftParser Lexer.swift
[132/136] Compiling SwiftParser RegexLiteralLexer.swift
[133/136] Compiling SwiftParser IsLexerClassified.swift
[134/136] Compiling SwiftParser LayoutNodes+Parsable.swift
[135/136] Compiling SwiftParser Parser+TokenSpecSet.swift
[136/136] Compiling SwiftParser TokenSpecStaticMembers.swift
[137/360] Compiling CodeEditorPlugin CompletionProviderRegistry.swift
[138/360] Compiling CodeEditorPlugin JSONCompletionData.swift
[139/360] Compiling CodeEditorPlugin MarkdownCompletionData.swift
[140/360] Compiling CodeEditorPlugin YAMLCompletionData.swift
[141/360] Compiling CodeEditorPlugin GoCompletionProvider.swift
[142/360] Compiling CodeEditorPlugin HTMLCompletionProvider.swift
[143/360] Compiling CodeEditorPlugin HTMLSymbolProvider.swift
[144/360] Compiling CodeEditorPlugin IndentationFoldingProvider.swift
[145/360] Compiling CodeEditorPlugin JSONCompletionProvider.swift
[146/360] Compiling CodeEditorPlugin JSONSymbolProvider.swift
[147/360] Compiling CodeEditorPlugin JavaCompletionProvider.swift
[148/360] Compiling CodeEditorPlugin JavaScriptCompletionProvider.swift
[149/360] Compiling CodeEditorPlugin JavaScriptSymbolProvider.swift
[150/360] Compiling CodeEditorPlugin LanguageMemberCompletions.swift
[151/360] Compiling CodeEditorPlugin LanguageMetadataRegistry.swift
[152/360] Compiling CodeEditorPlugin LanguageProviderFactory.swift
[153/360] Compiling CodeEditorPlugin MarkdownCompletionProvider.swift
[154/360] Compiling CodeEditorPlugin MarkdownFoldingProvider.swift
[155/360] Compiling CodeEditorPlugin MarkdownSymbolProvider.swift
[156/360] Compiling CodeEditorPlugin PHPCompletionProvider.swift
[157/360] Compiling CodeEditorPlugin PHPSymbolProvider.swift
[158/360] Compiling CodeEditorPlugin PythonCompletionProvider.swift
[159/360] Compiling CodeEditorPlugin PythonSymbolProvider.swift
[160/360] Compiling CodeEditorPlugin RubyCompletionProvider.swift
[161/360] Compiling CodeEditorPlugin RubyFoldingProvider.swift
[162/360] Compiling CodeEditorPlugin Annotation.swift
[163/360] Compiling CodeEditorPlugin AnnotationKind.swift
[164/360] Compiling CodeEditorPlugin AnnotationView.swift
[165/360] Compiling CodeEditorPlugin AnnotationsContentView.swift
[166/360] Compiling CodeEditorPlugin AnnotationsDataSource.swift
[167/360] Compiling CodeEditorPlugin CodeEditorViewAnnotation.swift
[168/360] Compiling CodeEditorPlugin LineAnnotation.swift
[169/360] Compiling CodeEditorPlugin MessageLineAnnotation.swift
[170/360] Compiling CodeEditorPlugin CodeEditorPlugin.swift
[171/360] Compiling CodeEditorPlugin BaseCompletionProvider.swift
[172/360] Compiling CodeEditorPlugin CodePatterns.swift
[173/360] Compiling CodeEditorPlugin CompletionCacheManager.swift
[174/360] Compiling CodeEditorPlugin CompletionCellConfigurator.swift
[175/360] Compiling CodeEditorPlugin CompletionContextExtractor.swift
[176/360] Compiling CodeEditorPlugin CompletionDebouncer.swift
[177/360] Compiling CodeEditorPlugin CompletionFilteringService.swift
[178/360] Compiling CodeEditorPlugin CompletionGenerationService.swift
[179/360] Compiling CodeEditorPlugin CompletionItem.swift
[180/360] Compiling CodeEditorPlugin CompletionItemAdapter.swift
[181/360] Compiling CodeEditorPlugin CompletionManager.swift
[182/360] Compiling CodeEditorPlugin CompletionModels.swift
[183/360] Compiling CodeEditorPlugin CompletionParsingHelpers.swift
[184/360] Compiling CodeEditorPlugin CompletionProtocols+Extensions.swift
[185/360] Compiling CodeEditorPlugin CompletionProviderUtilities.swift
[186/360] Compiling CodeEditorPlugin CompletionRankingModel.swift
[187/360] Compiling CodeEditorPlugin CodeEditorContainerView+Minimap.swift
[188/360] Compiling CodeEditorPlugin CodeEditorContainerView+UIKitExtensions.swift
[189/360] Compiling CodeEditorPlugin CodeEditorContainerView.swift
[190/360] Compiling CodeEditorPlugin CompletionCellComponents.swift
[191/360] Compiling CodeEditorPlugin ConfigurationBindingHelpers.swift
[192/360] Compiling CodeEditorPlugin ContainerLayoutHelper.swift
[193/360] Compiling CodeEditorPlugin ContainerViewHelper.swift
[194/360] Compiling CodeEditorPlugin ContainerViewInitializer.swift
[195/360] Compiling CodeEditorPlugin ContentView.swift
[196/360] Compiling CodeEditorPlugin GutterInteractionHandler.swift
[197/360] Compiling CodeEditorPlugin GutterView.swift
[198/360] Compiling CodeEditorPlugin GutterViewModel.swift
[199/360] Compiling CodeEditorPlugin GutterViewRenderer.swift
[200/360] Compiling CodeEditorPlugin InsertionPointIndicating.swift
[201/360] Compiling CodeEditorPlugin InsertionPointView.swift
[202/360] Compiling CodeEditorPlugin LayoutCoordinator.swift
[203/360] Compiling CodeEditorPlugin LineHighlightView.swift
[204/360] Compiling CodeEditorPlugin MinimapView.swift
[205/360] Compiling CodeEditorPlugin MinimapViewModel.swift
[206/360] Compiling CodeEditorPlugin FoldableRegion.swift
[207/360] Compiling CodeEditorPlugin MarkedText.swift
[208/360] Compiling CodeEditorPlugin NSTextParagraph+Extensions.swift
[209/360] Compiling CodeEditorPlugin NSTextSegmentType.swift
[210/360] Compiling CodeEditorPlugin RangeMutation.swift
[211/360] Emitting module CodeEditorPlugin
[212/456] Compiling CodeEditorPlugin Bundle+Extensions.swift
[213/456] Compiling CodeEditorPlugin CGPoint+Extensions.swift
[214/456] Compiling CodeEditorPlugin CGRect+Extensions.swift
[215/456] Compiling CodeEditorPlugin CodeEditorView+Extensions.swift
[216/456] Compiling CodeEditorPlugin Duration+Extensions.swift
[217/456] Compiling CodeEditorPlugin EdgeInsets+Extensions.swift
[218/456] Compiling CodeEditorPlugin IndexSet+Extensions.swift
[219/456] Compiling CodeEditorPlugin NSParagraphStyle+Extensions.swift
[220/456] Compiling CodeEditorPlugin NSRange+Extensions.swift
[221/456] Compiling CodeEditorPlugin NSTextContentManager+Extensions.swift
[222/456] Compiling CodeEditorPlugin NSTextLayoutFragment+Extensions.swift
[223/456] Compiling CodeEditorPlugin NSTextLayoutManager+Extensions.swift
[224/456] Compiling CodeEditorPlugin NSTextLineFragment+Extensions.swift
[225/456] Compiling CodeEditorPlugin NSTextLocation+Extensions.swift
[226/456] Compiling CodeEditorPlugin NSTextRange+Extensions.swift
[227/456] Compiling CodeEditorPlugin NSTextView+Extensions.swift
[228/456] Compiling CodeEditorPlugin PlatformColor+Extensions.swift
[229/456] Compiling CodeEditorPlugin String+Extensions.swift
[230/456] Compiling CodeEditorPlugin TextView+Extensions.swift
[231/456] Compiling CodeEditorPlugin View+Extensions.swift
[232/456] Compiling CodeEditorPlugin CodeFoldingEngine.swift
[233/456] Compiling CodeEditorPlugin DebugAdapter.swift
[234/456] Compiling CodeEditorPlugin DebuggerIntegration+Breakpoints.swift
[235/456] Compiling CodeEditorPlugin DebuggerIntegration+Evaluation.swift
[236/456] Compiling CodeEditorPlugin DebuggerIntegration+Execution.swift
[237/480] Compiling CodeEditorPlugin EditorConfiguration+LayoutExtensions.swift
[238/480] Compiling CodeEditorPlugin EditorConfiguration+PerformanceExtensions.swift
[239/480] Compiling CodeEditorPlugin EditorConfiguration+PresetsExtensions.swift
[240/480] Compiling CodeEditorPlugin EditorConfiguration.swift
[241/480] Compiling CodeEditorPlugin EditorConfigurationBuilder+BehaviorExtensions.swift
[242/480] Compiling CodeEditorPlugin EditorConfigurationBuilder+ConvenienceExtensions.swift
[243/480] Compiling CodeEditorPlugin EditorConfigurationBuilder+DisplayExtensions.swift
[244/480] Compiling CodeEditorPlugin EditorConfigurationBuilder+LanguageExtensions.swift
[245/480] Compiling CodeEditorPlugin EditorConfigurationBuilder+LayoutExtensions.swift
[246/480] Compiling CodeEditorPlugin EditorConfigurationBuilder+PerformanceExtensions.swift
[247/480] Compiling CodeEditorPlugin EditorConfigurationBuilder.swift
[248/480] Compiling CodeEditorPlugin PresetConfiguration.swift
[249/480] Compiling CodeEditorPlugin SharedValidationInfrastructure.swift
[250/480] Compiling CodeEditorPlugin BusinessLogicServiceRegistry.swift
[251/480] Compiling CodeEditorPlugin CodeEditorAPI.swift
[252/480] Compiling CodeEditorPlugin CodeEditorError.swift
[253/480] Compiling CodeEditorPlugin CodeEditorView+AnnotationsExtensions.swift
[254/480] Compiling CodeEditorPlugin CodeEditorView+CodeEditorAPIExtensions.swift
[255/480] Compiling CodeEditorPlugin CodeEditorView+CodeFoldingExtensions.swift
[256/480] Compiling CodeEditorPlugin CodeEditorView+CompletionExtensions.swift
[257/480] Compiling CodeEditorPlugin CodeEditorView+ConfigurationExtensions.swift
[258/480] Compiling CodeEditorPlugin CodeEditorView+CoreExtensions.swift
[259/480] Compiling CodeEditorPlugin CodeEditorView+LayoutExtensions.swift
[260/480] Compiling CodeEditorPlugin CodeEditorView+LineNumbersExtensions.swift
[261/480] Compiling CodeEditorPlugin CodeEditorView+PerformanceExtensions.swift
[262/480] Compiling CodeEditorPlugin CodeEditorView+PlatformSpecificExtensions.swift
[263/480] Compiling CodeEditorPlugin CodeEditorView+SetupExtensions.swift
[264/480] Compiling CodeEditorPlugin CodeEditorView+SyntaxHighlightingExtensions.swift
[265/480] Compiling CodeEditorPlugin CodeEditorView+TextKitExtensions.swift
[266/480] Compiling CodeEditorPlugin CodeEditorView.swift
[267/480] Compiling CodeEditorPlugin CodeEditorViewDelegate.swift
[268/480] Compiling CodeEditorPlugin CodeEditorViewDelegateProxy.swift
[269/480] Compiling CodeEditorPlugin CodeEditorViewProtocol.swift
[270/480] Compiling CodeEditorPlugin CodeFoldingCoordinatorService.swift
[271/480] Compiling CodeEditorPlugin DomainErrors.swift
[272/480] Compiling CodeEditorPlugin EditorContainerViewModel.swift
[273/480] Compiling CodeEditorPlugin EditorEvent.swift
[274/480] Compiling CodeEditorPlugin EditorEventHandler.swift
[275/480] Compiling CodeEditorPlugin EditorEventPublisher.swift
[276/480] Compiling CodeEditorPlugin EditorEventTypes.swift
[277/480] Compiling CodeEditorPlugin EditorLayoutService.swift
[278/480] Compiling CodeEditorPlugin GutterSizingService.swift
[279/480] Compiling CodeEditorPlugin LanguageDetectionService.swift
[280/480] Compiling CodeEditorPlugin LineNumberCalculationService.swift
[281/480] Compiling CodeEditorPlugin MemoryManagementCoordinator.swift
[282/480] Compiling CodeEditorPlugin SyntaxHighlightingService.swift
[283/480] Compiling CodeEditorPlugin TextEditingService.swift
[284/480] Compiling CodeEditorPlugin TextKitSetupHelper.swift
[285/480] Compiling CodeEditorPlugin TextSystemInterface.swift
[286/480] Compiling CodeEditorPlugin UnifiedEventSystem.swift
[287/480] Compiling CodeEditorPlugin DebuggerIntegration.swift
[288/480] Compiling CodeEditorPlugin DebuggerIntegrationCore.swift
[289/480] Compiling CodeEditorPlugin DebuggerModels.swift
[290/480] Compiling CodeEditorPlugin FoldingOperationsService.swift
[291/480] Compiling CodeEditorPlugin FoldingProviderRegistry.swift
[292/480] Compiling CodeEditorPlugin OptimizedSymbolNavigator.swift
[293/480] Compiling CodeEditorPlugin SearchReplaceEngine.swift
[294/480] Compiling CodeEditorPlugin SmartEditingEngine.swift
[295/480] Compiling CodeEditorPlugin SymbolNavigationTypes.swift
[296/480] Compiling CodeEditorPlugin SymbolNavigator.swift
[297/480] Compiling CodeEditorPlugin LSPClient.swift
[298/480] Compiling CodeEditorPlugin LSPClientRegistry.swift
[299/480] Compiling CodeEditorPlugin LSPCompletionProvider.swift
[300/480] Compiling CodeEditorPlugin LSPDocumentManager.swift
[301/480] Compiling CodeEditorPlugin LSPManager.swift
[302/480] Compiling CodeEditorPlugin LSPManagerTypes.swift
[303/480] Compiling CodeEditorPlugin LSPMessageHandler.swift
[304/480] Compiling CodeEditorPlugin LSPPathResolver.swift
[305/480] Compiling CodeEditorPlugin LSPProtocol.swift
[306/480] Compiling CodeEditorPlugin LSPTypes.swift
[307/480] Compiling CodeEditorPlugin BraceFoldingProvider.swift
[308/480] Compiling CodeEditorPlugin CCompletionProvider.swift
[309/480] Compiling CodeEditorPlugin CSSCompletionProvider.swift
[310/480] Compiling CodeEditorPlugin CSSSymbolProvider.swift
[311/480] Compiling CodeEditorPlugin CStyleSymbolProvider.swift
[312/480] Compiling CodeEditorPlugin CompletionViewController.swift
/Users/ajmcclary/Dev/CodeEditorPlugin/Sources/CodeEditorPlugin/Completion/OptimizedFuzzyMatcher.swift:153:41: warning: capture of 'self' with non-Sendable type 'OptimizedFuzzyMatcher' in a '@Sendable' closure [#SendableClosureCaptures]
  2 | 
  3 | /// Optimized fuzzy matching engine with improved performance characteristics
  4 | public struct OptimizedFuzzyMatcher {
    |               `- note: consider making struct 'OptimizedFuzzyMatcher' conform to the 'Sendable' protocol
  5 |     // MARK: - Configuration
  6 |     
    :
151 |                 
152 |                 for candidate in chunk {
153 |                     let candidateData = self.preprocessCandidate(candidate)
    |                                         `- warning: capture of 'self' with non-Sendable type 'OptimizedFuzzyMatcher' in a '@Sendable' closure [#SendableClosureCaptures]
154 |                     if !self.quickReject(pattern: pattern, candidateData: candidateData) {
155 |                         if let result = self.matchSingleOptimized(pattern: pattern, candidateData: candidateData) {

/Users/ajmcclary/Dev/CodeEditorPlugin/Sources/CodeEditorPlugin/Completion/OptimizedFuzzyMatcher.swift:163:21: warning: capture of 'allResults' with non-Sendable type '[(result: OptimizedFuzzyMatcher.MatchResult, quickScore: Double)]' in a '@Sendable' closure [#SendableClosureCaptures]
 42 |     
 43 |     /// Result of fuzzy matching
 44 |     public struct MatchResult {
    |                   `- note: consider making struct 'MatchResult' conform to the 'Sendable' protocol
 45 |         public let item: String
 46 |         public let score: Double
    :
161 |                 
162 |                 resultsQueue.sync {
163 |                     allResults.append(contentsOf: localResults)
    |                     `- warning: capture of 'allResults' with non-Sendable type '[(result: OptimizedFuzzyMatcher.MatchResult, quickScore: Double)]' in a '@Sendable' closure [#SendableClosureCaptures]
164 |                 }
165 |             }

/Users/ajmcclary/Dev/CodeEditorPlugin/Sources/CodeEditorPlugin/Completion/OptimizedFuzzyMatcher.swift:163:21: warning: capture of 'allResults' with non-Sendable type '[(result: OptimizedFuzzyMatcher.MatchResult, quickScore: Double)]' in an isolated closure
 42 |     
 43 |     /// Result of fuzzy matching
 44 |     public struct MatchResult {
    |                   `- note: consider making struct 'MatchResult' conform to the 'Sendable' protocol
 45 |         public let item: String
 46 |         public let score: Double
    :
161 |                 
162 |                 resultsQueue.sync {
163 |                     allResults.append(contentsOf: localResults)
    |                     `- warning: capture of 'allResults' with non-Sendable type '[(result: OptimizedFuzzyMatcher.MatchResult, quickScore: Double)]' in an isolated closure
164 |                 }
165 |             }

/Users/ajmcclary/Dev/CodeEditorPlugin/Sources/CodeEditorPlugin/Completion/OptimizedFuzzyMatcher.swift:163:21: warning: mutation of captured var 'allResults' in concurrently-executing code [#SendableClosureCaptures]
161 |                 
162 |                 resultsQueue.sync {
163 |                     allResults.append(contentsOf: localResults)
    |                     `- warning: mutation of captured var 'allResults' in concurrently-executing code [#SendableClosureCaptures]
164 |                 }
165 |             }

[#SendableClosureCaptures]: <https://docs.swift.org/compiler/documentation/diagnostics/sendable-closure-captures>
[313/480] Compiling CodeEditorPlugin CompletionViewControllerBase.swift
/Users/ajmcclary/Dev/CodeEditorPlugin/Sources/CodeEditorPlugin/Completion/OptimizedFuzzyMatcher.swift:153:41: warning: capture of 'self' with non-Sendable type 'OptimizedFuzzyMatcher' in a '@Sendable' closure [#SendableClosureCaptures]
  2 | 
  3 | /// Optimized fuzzy matching engine with improved performance characteristics
  4 | public struct OptimizedFuzzyMatcher {
    |               `- note: consider making struct 'OptimizedFuzzyMatcher' conform to the 'Sendable' protocol
  5 |     // MARK: - Configuration
  6 |     
    :
151 |                 
152 |                 for candidate in chunk {
153 |                     let candidateData = self.preprocessCandidate(candidate)
    |                                         `- warning: capture of 'self' with non-Sendable type 'OptimizedFuzzyMatcher' in a '@Sendable' closure [#SendableClosureCaptures]
154 |                     if !self.quickReject(pattern: pattern, candidateData: candidateData) {
155 |                         if let result = self.matchSingleOptimized(pattern: pattern, candidateData: candidateData) {

/Users/ajmcclary/Dev/CodeEditorPlugin/Sources/CodeEditorPlugin/Completion/OptimizedFuzzyMatcher.swift:163:21: warning: capture of 'allResults' with non-Sendable type '[(result: OptimizedFuzzyMatcher.MatchResult, quickScore: Double)]' in a '@Sendable' closure [#SendableClosureCaptures]
 42 |     
 43 |     /// Result of fuzzy matching
 44 |     public struct MatchResult {
    |                   `- note: consider making struct 'MatchResult' conform to the 'Sendable' protocol
 45 |         public let item: String
 46 |         public let score: Double
    :
161 |                 
162 |                 resultsQueue.sync {
163 |                     allResults.append(contentsOf: localResults)
    |                     `- warning: capture of 'allResults' with non-Sendable type '[(result: OptimizedFuzzyMatcher.MatchResult, quickScore: Double)]' in a '@Sendable' closure [#SendableClosureCaptures]
164 |                 }
165 |             }

/Users/ajmcclary/Dev/CodeEditorPlugin/Sources/CodeEditorPlugin/Completion/OptimizedFuzzyMatcher.swift:163:21: warning: capture of 'allResults' with non-Sendable type '[(result: OptimizedFuzzyMatcher.MatchResult, quickScore: Double)]' in an isolated closure
 42 |     
 43 |     /// Result of fuzzy matching
 44 |     public struct MatchResult {
    |                   `- note: consider making struct 'MatchResult' conform to the 'Sendable' protocol
 45 |         public let item: String
 46 |         public let score: Double
    :
161 |                 
162 |                 resultsQueue.sync {
163 |                     allResults.append(contentsOf: localResults)
    |                     `- warning: capture of 'allResults' with non-Sendable type '[(result: OptimizedFuzzyMatcher.MatchResult, quickScore: Double)]' in an isolated closure
164 |                 }
165 |             }

/Users/ajmcclary/Dev/CodeEditorPlugin/Sources/CodeEditorPlugin/Completion/OptimizedFuzzyMatcher.swift:163:21: warning: mutation of captured var 'allResults' in concurrently-executing code [#SendableClosureCaptures]
161 |                 
162 |                 resultsQueue.sync {
163 |                     allResults.append(contentsOf: localResults)
    |                     `- warning: mutation of captured var 'allResults' in concurrently-executing code [#SendableClosureCaptures]
164 |                 }
165 |             }

[#SendableClosureCaptures]: <https://docs.swift.org/compiler/documentation/diagnostics/sendable-closure-captures>
[314/480] Compiling CodeEditorPlugin CompletionViewControllerDelegate.swift
/Users/ajmcclary/Dev/CodeEditorPlugin/Sources/CodeEditorPlugin/Completion/OptimizedFuzzyMatcher.swift:153:41: warning: capture of 'self' with non-Sendable type 'OptimizedFuzzyMatcher' in a '@Sendable' closure [#SendableClosureCaptures]
  2 | 
  3 | /// Optimized fuzzy matching engine with improved performance characteristics
  4 | public struct OptimizedFuzzyMatcher {
    |               `- note: consider making struct 'OptimizedFuzzyMatcher' conform to the 'Sendable' protocol
  5 |     // MARK: - Configuration
  6 |     
    :
151 |                 
152 |                 for candidate in chunk {
153 |                     let candidateData = self.preprocessCandidate(candidate)
    |                                         `- warning: capture of 'self' with non-Sendable type 'OptimizedFuzzyMatcher' in a '@Sendable' closure [#SendableClosureCaptures]
154 |                     if !self.quickReject(pattern: pattern, candidateData: candidateData) {
155 |                         if let result = self.matchSingleOptimized(pattern: pattern, candidateData: candidateData) {

/Users/ajmcclary/Dev/CodeEditorPlugin/Sources/CodeEditorPlugin/Completion/OptimizedFuzzyMatcher.swift:163:21: warning: capture of 'allResults' with non-Sendable type '[(result: OptimizedFuzzyMatcher.MatchResult, quickScore: Double)]' in a '@Sendable' closure [#SendableClosureCaptures]
 42 |     
 43 |     /// Result of fuzzy matching
 44 |     public struct MatchResult {
    |                   `- note: consider making struct 'MatchResult' conform to the 'Sendable' protocol
 45 |         public let item: String
 46 |         public let score: Double
    :
161 |                 
162 |                 resultsQueue.sync {
163 |                     allResults.append(contentsOf: localResults)
    |                     `- warning: capture of 'allResults' with non-Sendable type '[(result: OptimizedFuzzyMatcher.MatchResult, quickScore: Double)]' in a '@Sendable' closure [#SendableClosureCaptures]
164 |                 }
165 |             }

/Users/ajmcclary/Dev/CodeEditorPlugin/Sources/CodeEditorPlugin/Completion/OptimizedFuzzyMatcher.swift:163:21: warning: capture of 'allResults' with non-Sendable type '[(result: OptimizedFuzzyMatcher.MatchResult, quickScore: Double)]' in an isolated closure
 42 |     
 43 |     /// Result of fuzzy matching
 44 |     public struct MatchResult {
    |                   `- note: consider making struct 'MatchResult' conform to the 'Sendable' protocol
 45 |         public let item: String
 46 |         public let score: Double
    :
161 |                 
162 |                 resultsQueue.sync {
163 |                     allResults.append(contentsOf: localResults)
    |                     `- warning: capture of 'allResults' with non-Sendable type '[(result: OptimizedFuzzyMatcher.MatchResult, quickScore: Double)]' in an isolated closure
164 |                 }
165 |             }

/Users/ajmcclary/Dev/CodeEditorPlugin/Sources/CodeEditorPlugin/Completion/OptimizedFuzzyMatcher.swift:163:21: warning: mutation of captured var 'allResults' in concurrently-executing code [#SendableClosureCaptures]
161 |                 
162 |                 resultsQueue.sync {
163 |                     allResults.append(contentsOf: localResults)
    |                     `- warning: mutation of captured var 'allResults' in concurrently-executing code [#SendableClosureCaptures]
164 |                 }
165 |             }

[#SendableClosureCaptures]: <https://docs.swift.org/compiler/documentation/diagnostics/sendable-closure-captures>
[315/480] Compiling CodeEditorPlugin CompletionViewControllerRepresentable.swift
/Users/ajmcclary/Dev/CodeEditorPlugin/Sources/CodeEditorPlugin/Completion/OptimizedFuzzyMatcher.swift:153:41: warning: capture of 'self' with non-Sendable type 'OptimizedFuzzyMatcher' in a '@Sendable' closure [#SendableClosureCaptures]
  2 | 
  3 | /// Optimized fuzzy matching engine with improved performance characteristics
  4 | public struct OptimizedFuzzyMatcher {
    |               `- note: consider making struct 'OptimizedFuzzyMatcher' conform to the 'Sendable' protocol
  5 |     // MARK: - Configuration
  6 |     
    :
151 |                 
152 |                 for candidate in chunk {
153 |                     let candidateData = self.preprocessCandidate(candidate)
    |                                         `- warning: capture of 'self' with non-Sendable type 'OptimizedFuzzyMatcher' in a '@Sendable' closure [#SendableClosureCaptures]
154 |                     if !self.quickReject(pattern: pattern, candidateData: candidateData) {
155 |                         if let result = self.matchSingleOptimized(pattern: pattern, candidateData: candidateData) {

/Users/ajmcclary/Dev/CodeEditorPlugin/Sources/CodeEditorPlugin/Completion/OptimizedFuzzyMatcher.swift:163:21: warning: capture of 'allResults' with non-Sendable type '[(result: OptimizedFuzzyMatcher.MatchResult, quickScore: Double)]' in a '@Sendable' closure [#SendableClosureCaptures]
 42 |     
 43 |     /// Result of fuzzy matching
 44 |     public struct MatchResult {
    |                   `- note: consider making struct 'MatchResult' conform to the 'Sendable' protocol
 45 |         public let item: String
 46 |         public let score: Double
    :
161 |                 
162 |                 resultsQueue.sync {
163 |                     allResults.append(contentsOf: localResults)
    |                     `- warning: capture of 'allResults' with non-Sendable type '[(result: OptimizedFuzzyMatcher.MatchResult, quickScore: Double)]' in a '@Sendable' closure [#SendableClosureCaptures]
164 |                 }
165 |             }

/Users/ajmcclary/Dev/CodeEditorPlugin/Sources/CodeEditorPlugin/Completion/OptimizedFuzzyMatcher.swift:163:21: warning: capture of 'allResults' with non-Sendable type '[(result: OptimizedFuzzyMatcher.MatchResult, quickScore: Double)]' in an isolated closure
 42 |     
 43 |     /// Result of fuzzy matching
 44 |     public struct MatchResult {
    |                   `- note: consider making struct 'MatchResult' conform to the 'Sendable' protocol
 45 |         public let item: String
 46 |         public let score: Double
    :
161 |                 
162 |                 resultsQueue.sync {
163 |                     allResults.append(contentsOf: localResults)
    |                     `- warning: capture of 'allResults' with non-Sendable type '[(result: OptimizedFuzzyMatcher.MatchResult, quickScore: Double)]' in an isolated closure
164 |                 }
165 |             }

/Users/ajmcclary/Dev/CodeEditorPlugin/Sources/CodeEditorPlugin/Completion/OptimizedFuzzyMatcher.swift:163:21: warning: mutation of captured var 'allResults' in concurrently-executing code [#SendableClosureCaptures]
161 |                 
162 |                 resultsQueue.sync {
163 |                     allResults.append(contentsOf: localResults)
    |                     `- warning: mutation of captured var 'allResults' in concurrently-executing code [#SendableClosureCaptures]
164 |                 }
165 |             }

[#SendableClosureCaptures]: <https://docs.swift.org/compiler/documentation/diagnostics/sendable-closure-captures>
[316/480] Compiling CodeEditorPlugin CompletionViewModel.swift
/Users/ajmcclary/Dev/CodeEditorPlugin/Sources/CodeEditorPlugin/Completion/OptimizedFuzzyMatcher.swift:153:41: warning: capture of 'self' with non-Sendable type 'OptimizedFuzzyMatcher' in a '@Sendable' closure [#SendableClosureCaptures]
  2 | 
  3 | /// Optimized fuzzy matching engine with improved performance characteristics
  4 | public struct OptimizedFuzzyMatcher {
    |               `- note: consider making struct 'OptimizedFuzzyMatcher' conform to the 'Sendable' protocol
  5 |     // MARK: - Configuration
  6 |     
    :
151 |                 
152 |                 for candidate in chunk {
153 |                     let candidateData = self.preprocessCandidate(candidate)
    |                                         `- warning: capture of 'self' with non-Sendable type 'OptimizedFuzzyMatcher' in a '@Sendable' closure [#SendableClosureCaptures]
154 |                     if !self.quickReject(pattern: pattern, candidateData: candidateData) {
155 |                         if let result = self.matchSingleOptimized(pattern: pattern, candidateData: candidateData) {

/Users/ajmcclary/Dev/CodeEditorPlugin/Sources/CodeEditorPlugin/Completion/OptimizedFuzzyMatcher.swift:163:21: warning: capture of 'allResults' with non-Sendable type '[(result: OptimizedFuzzyMatcher.MatchResult, quickScore: Double)]' in a '@Sendable' closure [#SendableClosureCaptures]
 42 |     
 43 |     /// Result of fuzzy matching
 44 |     public struct MatchResult {
    |                   `- note: consider making struct 'MatchResult' conform to the 'Sendable' protocol
 45 |         public let item: String
 46 |         public let score: Double
    :
161 |                 
162 |                 resultsQueue.sync {
163 |                     allResults.append(contentsOf: localResults)
    |                     `- warning: capture of 'allResults' with non-Sendable type '[(result: OptimizedFuzzyMatcher.MatchResult, quickScore: Double)]' in a '@Sendable' closure [#SendableClosureCaptures]
164 |                 }
165 |             }

/Users/ajmcclary/Dev/CodeEditorPlugin/Sources/CodeEditorPlugin/Completion/OptimizedFuzzyMatcher.swift:163:21: warning: capture of 'allResults' with non-Sendable type '[(result: OptimizedFuzzyMatcher.MatchResult, quickScore: Double)]' in an isolated closure
 42 |     
 43 |     /// Result of fuzzy matching
 44 |     public struct MatchResult {
    |                   `- note: consider making struct 'MatchResult' conform to the 'Sendable' protocol
 45 |         public let item: String
 46 |         public let score: Double
    :
161 |                 
162 |                 resultsQueue.sync {
163 |                     allResults.append(contentsOf: localResults)
    |                     `- warning: capture of 'allResults' with non-Sendable type '[(result: OptimizedFuzzyMatcher.MatchResult, quickScore: Double)]' in an isolated closure
164 |                 }
165 |             }

/Users/ajmcclary/Dev/CodeEditorPlugin/Sources/CodeEditorPlugin/Completion/OptimizedFuzzyMatcher.swift:163:21: warning: mutation of captured var 'allResults' in concurrently-executing code [#SendableClosureCaptures]
161 |                 
162 |                 resultsQueue.sync {
163 |                     allResults.append(contentsOf: localResults)
    |                     `- warning: mutation of captured var 'allResults' in concurrently-executing code [#SendableClosureCaptures]
164 |                 }
165 |             }

[#SendableClosureCaptures]: <https://docs.swift.org/compiler/documentation/diagnostics/sendable-closure-captures>
[317/480] Compiling CodeEditorPlugin CompletionViewModels.swift
/Users/ajmcclary/Dev/CodeEditorPlugin/Sources/CodeEditorPlugin/Completion/OptimizedFuzzyMatcher.swift:153:41: warning: capture of 'self' with non-Sendable type 'OptimizedFuzzyMatcher' in a '@Sendable' closure [#SendableClosureCaptures]
  2 | 
  3 | /// Optimized fuzzy matching engine with improved performance characteristics
  4 | public struct OptimizedFuzzyMatcher {
    |               `- note: consider making struct 'OptimizedFuzzyMatcher' conform to the 'Sendable' protocol
  5 |     // MARK: - Configuration
  6 |     
    :
151 |                 
152 |                 for candidate in chunk {
153 |                     let candidateData = self.preprocessCandidate(candidate)
    |                                         `- warning: capture of 'self' with non-Sendable type 'OptimizedFuzzyMatcher' in a '@Sendable' closure [#SendableClosureCaptures]
154 |                     if !self.quickReject(pattern: pattern, candidateData: candidateData) {
155 |                         if let result = self.matchSingleOptimized(pattern: pattern, candidateData: candidateData) {

/Users/ajmcclary/Dev/CodeEditorPlugin/Sources/CodeEditorPlugin/Completion/OptimizedFuzzyMatcher.swift:163:21: warning: capture of 'allResults' with non-Sendable type '[(result: OptimizedFuzzyMatcher.MatchResult, quickScore: Double)]' in a '@Sendable' closure [#SendableClosureCaptures]
 42 |     
 43 |     /// Result of fuzzy matching
 44 |     public struct MatchResult {
    |                   `- note: consider making struct 'MatchResult' conform to the 'Sendable' protocol
 45 |         public let item: String
 46 |         public let score: Double
    :
161 |                 
162 |                 resultsQueue.sync {
163 |                     allResults.append(contentsOf: localResults)
    |                     `- warning: capture of 'allResults' with non-Sendable type '[(result: OptimizedFuzzyMatcher.MatchResult, quickScore: Double)]' in a '@Sendable' closure [#SendableClosureCaptures]
164 |                 }
165 |             }

/Users/ajmcclary/Dev/CodeEditorPlugin/Sources/CodeEditorPlugin/Completion/OptimizedFuzzyMatcher.swift:163:21: warning: capture of 'allResults' with non-Sendable type '[(result: OptimizedFuzzyMatcher.MatchResult, quickScore: Double)]' in an isolated closure
 42 |     
 43 |     /// Result of fuzzy matching
 44 |     public struct MatchResult {
    |                   `- note: consider making struct 'MatchResult' conform to the 'Sendable' protocol
 45 |         public let item: String
 46 |         public let score: Double
    :
161 |                 
162 |                 resultsQueue.sync {
163 |                     allResults.append(contentsOf: localResults)
    |                     `- warning: capture of 'allResults' with non-Sendable type '[(result: OptimizedFuzzyMatcher.MatchResult, quickScore: Double)]' in an isolated closure
164 |                 }
165 |             }

/Users/ajmcclary/Dev/CodeEditorPlugin/Sources/CodeEditorPlugin/Completion/OptimizedFuzzyMatcher.swift:163:21: warning: mutation of captured var 'allResults' in concurrently-executing code [#SendableClosureCaptures]
161 |                 
162 |                 resultsQueue.sync {
163 |                     allResults.append(contentsOf: localResults)
    |                     `- warning: mutation of captured var 'allResults' in concurrently-executing code [#SendableClosureCaptures]
164 |                 }
165 |             }

[#SendableClosureCaptures]: <https://docs.swift.org/compiler/documentation/diagnostics/sendable-closure-captures>
[318/480] Compiling CodeEditorPlugin FuzzyMatcher.swift
/Users/ajmcclary/Dev/CodeEditorPlugin/Sources/CodeEditorPlugin/Completion/OptimizedFuzzyMatcher.swift:153:41: warning: capture of 'self' with non-Sendable type 'OptimizedFuzzyMatcher' in a '@Sendable' closure [#SendableClosureCaptures]
  2 | 
  3 | /// Optimized fuzzy matching engine with improved performance characteristics
  4 | public struct OptimizedFuzzyMatcher {
    |               `- note: consider making struct 'OptimizedFuzzyMatcher' conform to the 'Sendable' protocol
  5 |     // MARK: - Configuration
  6 |     
    :
151 |                 
152 |                 for candidate in chunk {
153 |                     let candidateData = self.preprocessCandidate(candidate)
    |                                         `- warning: capture of 'self' with non-Sendable type 'OptimizedFuzzyMatcher' in a '@Sendable' closure [#SendableClosureCaptures]
154 |                     if !self.quickReject(pattern: pattern, candidateData: candidateData) {
155 |                         if let result = self.matchSingleOptimized(pattern: pattern, candidateData: candidateData) {

/Users/ajmcclary/Dev/CodeEditorPlugin/Sources/CodeEditorPlugin/Completion/OptimizedFuzzyMatcher.swift:163:21: warning: capture of 'allResults' with non-Sendable type '[(result: OptimizedFuzzyMatcher.MatchResult, quickScore: Double)]' in a '@Sendable' closure [#SendableClosureCaptures]
 42 |     
 43 |     /// Result of fuzzy matching
 44 |     public struct MatchResult {
    |                   `- note: consider making struct 'MatchResult' conform to the 'Sendable' protocol
 45 |         public let item: String
 46 |         public let score: Double
    :
161 |                 
162 |                 resultsQueue.sync {
163 |                     allResults.append(contentsOf: localResults)
    |                     `- warning: capture of 'allResults' with non-Sendable type '[(result: OptimizedFuzzyMatcher.MatchResult, quickScore: Double)]' in a '@Sendable' closure [#SendableClosureCaptures]
164 |                 }
165 |             }

/Users/ajmcclary/Dev/CodeEditorPlugin/Sources/CodeEditorPlugin/Completion/OptimizedFuzzyMatcher.swift:163:21: warning: capture of 'allResults' with non-Sendable type '[(result: OptimizedFuzzyMatcher.MatchResult, quickScore: Double)]' in an isolated closure
 42 |     
 43 |     /// Result of fuzzy matching
 44 |     public struct MatchResult {
    |                   `- note: consider making struct 'MatchResult' conform to the 'Sendable' protocol
 45 |         public let item: String
 46 |         public let score: Double
    :
161 |                 
162 |                 resultsQueue.sync {
163 |                     allResults.append(contentsOf: localResults)
    |                     `- warning: capture of 'allResults' with non-Sendable type '[(result: OptimizedFuzzyMatcher.MatchResult, quickScore: Double)]' in an isolated closure
164 |                 }
165 |             }

/Users/ajmcclary/Dev/CodeEditorPlugin/Sources/CodeEditorPlugin/Completion/OptimizedFuzzyMatcher.swift:163:21: warning: mutation of captured var 'allResults' in concurrently-executing code [#SendableClosureCaptures]
161 |                 
162 |                 resultsQueue.sync {
163 |                     allResults.append(contentsOf: localResults)
    |                     `- warning: mutation of captured var 'allResults' in concurrently-executing code [#SendableClosureCaptures]
164 |                 }
165 |             }

[#SendableClosureCaptures]: <https://docs.swift.org/compiler/documentation/diagnostics/sendable-closure-captures>
[319/480] Compiling CodeEditorPlugin OptimizedFuzzyMatcher.swift
/Users/ajmcclary/Dev/CodeEditorPlugin/Sources/CodeEditorPlugin/Completion/OptimizedFuzzyMatcher.swift:153:41: warning: capture of 'self' with non-Sendable type 'OptimizedFuzzyMatcher' in a '@Sendable' closure [#SendableClosureCaptures]
  2 | 
  3 | /// Optimized fuzzy matching engine with improved performance characteristics
  4 | public struct OptimizedFuzzyMatcher {
    |               `- note: consider making struct 'OptimizedFuzzyMatcher' conform to the 'Sendable' protocol
  5 |     // MARK: - Configuration
  6 |     
    :
151 |                 
152 |                 for candidate in chunk {
153 |                     let candidateData = self.preprocessCandidate(candidate)
    |                                         `- warning: capture of 'self' with non-Sendable type 'OptimizedFuzzyMatcher' in a '@Sendable' closure [#SendableClosureCaptures]
154 |                     if !self.quickReject(pattern: pattern, candidateData: candidateData) {
155 |                         if let result = self.matchSingleOptimized(pattern: pattern, candidateData: candidateData) {

/Users/ajmcclary/Dev/CodeEditorPlugin/Sources/CodeEditorPlugin/Completion/OptimizedFuzzyMatcher.swift:163:21: warning: capture of 'allResults' with non-Sendable type '[(result: OptimizedFuzzyMatcher.MatchResult, quickScore: Double)]' in a '@Sendable' closure [#SendableClosureCaptures]
 42 |     
 43 |     /// Result of fuzzy matching
 44 |     public struct MatchResult {
    |                   `- note: consider making struct 'MatchResult' conform to the 'Sendable' protocol
 45 |         public let item: String
 46 |         public let score: Double
    :
161 |                 
162 |                 resultsQueue.sync {
163 |                     allResults.append(contentsOf: localResults)
    |                     `- warning: capture of 'allResults' with non-Sendable type '[(result: OptimizedFuzzyMatcher.MatchResult, quickScore: Double)]' in a '@Sendable' closure [#SendableClosureCaptures]
164 |                 }
165 |             }

/Users/ajmcclary/Dev/CodeEditorPlugin/Sources/CodeEditorPlugin/Completion/OptimizedFuzzyMatcher.swift:163:21: warning: capture of 'allResults' with non-Sendable type '[(result: OptimizedFuzzyMatcher.MatchResult, quickScore: Double)]' in an isolated closure
 42 |     
 43 |     /// Result of fuzzy matching
 44 |     public struct MatchResult {
    |                   `- note: consider making struct 'MatchResult' conform to the 'Sendable' protocol
 45 |         public let item: String
 46 |         public let score: Double
    :
161 |                 
162 |                 resultsQueue.sync {
163 |                     allResults.append(contentsOf: localResults)
    |                     `- warning: capture of 'allResults' with non-Sendable type '[(result: OptimizedFuzzyMatcher.MatchResult, quickScore: Double)]' in an isolated closure
164 |                 }
165 |             }

/Users/ajmcclary/Dev/CodeEditorPlugin/Sources/CodeEditorPlugin/Completion/OptimizedFuzzyMatcher.swift:163:21: warning: mutation of captured var 'allResults' in concurrently-executing code [#SendableClosureCaptures]
161 |                 
162 |                 resultsQueue.sync {
163 |                     allResults.append(contentsOf: localResults)
    |                     `- warning: mutation of captured var 'allResults' in concurrently-executing code [#SendableClosureCaptures]
164 |                 }
165 |             }

[#SendableClosureCaptures]: <https://docs.swift.org/compiler/documentation/diagnostics/sendable-closure-captures>
[320/480] Compiling CodeEditorPlugin SmartCompletionEngine.swift
/Users/ajmcclary/Dev/CodeEditorPlugin/Sources/CodeEditorPlugin/Completion/OptimizedFuzzyMatcher.swift:153:41: warning: capture of 'self' with non-Sendable type 'OptimizedFuzzyMatcher' in a '@Sendable' closure [#SendableClosureCaptures]
  2 | 
  3 | /// Optimized fuzzy matching engine with improved performance characteristics
  4 | public struct OptimizedFuzzyMatcher {
    |               `- note: consider making struct 'OptimizedFuzzyMatcher' conform to the 'Sendable' protocol
  5 |     // MARK: - Configuration
  6 |     
    :
151 |                 
152 |                 for candidate in chunk {
153 |                     let candidateData = self.preprocessCandidate(candidate)
    |                                         `- warning: capture of 'self' with non-Sendable type 'OptimizedFuzzyMatcher' in a '@Sendable' closure [#SendableClosureCaptures]
154 |                     if !self.quickReject(pattern: pattern, candidateData: candidateData) {
155 |                         if let result = self.matchSingleOptimized(pattern: pattern, candidateData: candidateData) {

/Users/ajmcclary/Dev/CodeEditorPlugin/Sources/CodeEditorPlugin/Completion/OptimizedFuzzyMatcher.swift:163:21: warning: capture of 'allResults' with non-Sendable type '[(result: OptimizedFuzzyMatcher.MatchResult, quickScore: Double)]' in a '@Sendable' closure [#SendableClosureCaptures]
 42 |     
 43 |     /// Result of fuzzy matching
 44 |     public struct MatchResult {
    |                   `- note: consider making struct 'MatchResult' conform to the 'Sendable' protocol
 45 |         public let item: String
 46 |         public let score: Double
    :
161 |                 
162 |                 resultsQueue.sync {
163 |                     allResults.append(contentsOf: localResults)
    |                     `- warning: capture of 'allResults' with non-Sendable type '[(result: OptimizedFuzzyMatcher.MatchResult, quickScore: Double)]' in a '@Sendable' closure [#SendableClosureCaptures]
164 |                 }
165 |             }

/Users/ajmcclary/Dev/CodeEditorPlugin/Sources/CodeEditorPlugin/Completion/OptimizedFuzzyMatcher.swift:163:21: warning: capture of 'allResults' with non-Sendable type '[(result: OptimizedFuzzyMatcher.MatchResult, quickScore: Double)]' in an isolated closure
 42 |     
 43 |     /// Result of fuzzy matching
 44 |     public struct MatchResult {
    |                   `- note: consider making struct 'MatchResult' conform to the 'Sendable' protocol
 45 |         public let item: String
 46 |         public let score: Double
    :
161 |                 
162 |                 resultsQueue.sync {
163 |                     allResults.append(contentsOf: localResults)
    |                     `- warning: capture of 'allResults' with non-Sendable type '[(result: OptimizedFuzzyMatcher.MatchResult, quickScore: Double)]' in an isolated closure
164 |                 }
165 |             }

/Users/ajmcclary/Dev/CodeEditorPlugin/Sources/CodeEditorPlugin/Completion/OptimizedFuzzyMatcher.swift:163:21: warning: mutation of captured var 'allResults' in concurrently-executing code [#SendableClosureCaptures]
161 |                 
162 |                 resultsQueue.sync {
163 |                     allResults.append(contentsOf: localResults)
    |                     `- warning: mutation of captured var 'allResults' in concurrently-executing code [#SendableClosureCaptures]
164 |                 }
165 |             }

[#SendableClosureCaptures]: <https://docs.swift.org/compiler/documentation/diagnostics/sendable-closure-captures>
[321/480] Compiling CodeEditorPlugin CodableColor.swift
/Users/ajmcclary/Dev/CodeEditorPlugin/Sources/CodeEditorPlugin/Completion/OptimizedFuzzyMatcher.swift:153:41: warning: capture of 'self' with non-Sendable type 'OptimizedFuzzyMatcher' in a '@Sendable' closure [#SendableClosureCaptures]
  2 | 
  3 | /// Optimized fuzzy matching engine with improved performance characteristics
  4 | public struct OptimizedFuzzyMatcher {
    |               `- note: consider making struct 'OptimizedFuzzyMatcher' conform to the 'Sendable' protocol
  5 |     // MARK: - Configuration
  6 |     
    :
151 |                 
152 |                 for candidate in chunk {
153 |                     let candidateData = self.preprocessCandidate(candidate)
    |                                         `- warning: capture of 'self' with non-Sendable type 'OptimizedFuzzyMatcher' in a '@Sendable' closure [#SendableClosureCaptures]
154 |                     if !self.quickReject(pattern: pattern, candidateData: candidateData) {
155 |                         if let result = self.matchSingleOptimized(pattern: pattern, candidateData: candidateData) {

/Users/ajmcclary/Dev/CodeEditorPlugin/Sources/CodeEditorPlugin/Completion/OptimizedFuzzyMatcher.swift:163:21: warning: capture of 'allResults' with non-Sendable type '[(result: OptimizedFuzzyMatcher.MatchResult, quickScore: Double)]' in a '@Sendable' closure [#SendableClosureCaptures]
 42 |     
 43 |     /// Result of fuzzy matching
 44 |     public struct MatchResult {
    |                   `- note: consider making struct 'MatchResult' conform to the 'Sendable' protocol
 45 |         public let item: String
 46 |         public let score: Double
    :
161 |                 
162 |                 resultsQueue.sync {
163 |                     allResults.append(contentsOf: localResults)
    |                     `- warning: capture of 'allResults' with non-Sendable type '[(result: OptimizedFuzzyMatcher.MatchResult, quickScore: Double)]' in a '@Sendable' closure [#SendableClosureCaptures]
164 |                 }
165 |             }

/Users/ajmcclary/Dev/CodeEditorPlugin/Sources/CodeEditorPlugin/Completion/OptimizedFuzzyMatcher.swift:163:21: warning: capture of 'allResults' with non-Sendable type '[(result: OptimizedFuzzyMatcher.MatchResult, quickScore: Double)]' in an isolated closure
 42 |     
 43 |     /// Result of fuzzy matching
 44 |     public struct MatchResult {
    |                   `- note: consider making struct 'MatchResult' conform to the 'Sendable' protocol
 45 |         public let item: String
 46 |         public let score: Double
    :
161 |                 
162 |                 resultsQueue.sync {
163 |                     allResults.append(contentsOf: localResults)
    |                     `- warning: capture of 'allResults' with non-Sendable type '[(result: OptimizedFuzzyMatcher.MatchResult, quickScore: Double)]' in an isolated closure
164 |                 }
165 |             }

/Users/ajmcclary/Dev/CodeEditorPlugin/Sources/CodeEditorPlugin/Completion/OptimizedFuzzyMatcher.swift:163:21: warning: mutation of captured var 'allResults' in concurrently-executing code [#SendableClosureCaptures]
161 |                 
162 |                 resultsQueue.sync {
163 |                     allResults.append(contentsOf: localResults)
    |                     `- warning: mutation of captured var 'allResults' in concurrently-executing code [#SendableClosureCaptures]
164 |                 }
165 |             }

[#SendableClosureCaptures]: <https://docs.swift.org/compiler/documentation/diagnostics/sendable-closure-captures>
[322/480] Compiling CodeEditorPlugin ConfigurationComposer.swift
/Users/ajmcclary/Dev/CodeEditorPlugin/Sources/CodeEditorPlugin/Completion/OptimizedFuzzyMatcher.swift:153:41: warning: capture of 'self' with non-Sendable type 'OptimizedFuzzyMatcher' in a '@Sendable' closure [#SendableClosureCaptures]
  2 | 
  3 | /// Optimized fuzzy matching engine with improved performance characteristics
  4 | public struct OptimizedFuzzyMatcher {
    |               `- note: consider making struct 'OptimizedFuzzyMatcher' conform to the 'Sendable' protocol
  5 |     // MARK: - Configuration
  6 |     
    :
151 |                 
152 |                 for candidate in chunk {
153 |                     let candidateData = self.preprocessCandidate(candidate)
    |                                         `- warning: capture of 'self' with non-Sendable type 'OptimizedFuzzyMatcher' in a '@Sendable' closure [#SendableClosureCaptures]
154 |                     if !self.quickReject(pattern: pattern, candidateData: candidateData) {
155 |                         if let result = self.matchSingleOptimized(pattern: pattern, candidateData: candidateData) {

/Users/ajmcclary/Dev/CodeEditorPlugin/Sources/CodeEditorPlugin/Completion/OptimizedFuzzyMatcher.swift:163:21: warning: capture of 'allResults' with non-Sendable type '[(result: OptimizedFuzzyMatcher.MatchResult, quickScore: Double)]' in a '@Sendable' closure [#SendableClosureCaptures]
 42 |     
 43 |     /// Result of fuzzy matching
 44 |     public struct MatchResult {
    |                   `- note: consider making struct 'MatchResult' conform to the 'Sendable' protocol
 45 |         public let item: String
 46 |         public let score: Double
    :
161 |                 
162 |                 resultsQueue.sync {
163 |                     allResults.append(contentsOf: localResults)
    |                     `- warning: capture of 'allResults' with non-Sendable type '[(result: OptimizedFuzzyMatcher.MatchResult, quickScore: Double)]' in a '@Sendable' closure [#SendableClosureCaptures]
164 |                 }
165 |             }

/Users/ajmcclary/Dev/CodeEditorPlugin/Sources/CodeEditorPlugin/Completion/OptimizedFuzzyMatcher.swift:163:21: warning: capture of 'allResults' with non-Sendable type '[(result: OptimizedFuzzyMatcher.MatchResult, quickScore: Double)]' in an isolated closure
 42 |     
 43 |     /// Result of fuzzy matching
 44 |     public struct MatchResult {
    |                   `- note: consider making struct 'MatchResult' conform to the 'Sendable' protocol
 45 |         public let item: String
 46 |         public let score: Double
    :
161 |                 
162 |                 resultsQueue.sync {
163 |                     allResults.append(contentsOf: localResults)
    |                     `- warning: capture of 'allResults' with non-Sendable type '[(result: OptimizedFuzzyMatcher.MatchResult, quickScore: Double)]' in an isolated closure
164 |                 }
165 |             }

/Users/ajmcclary/Dev/CodeEditorPlugin/Sources/CodeEditorPlugin/Completion/OptimizedFuzzyMatcher.swift:163:21: warning: mutation of captured var 'allResults' in concurrently-executing code [#SendableClosureCaptures]
161 |                 
162 |                 resultsQueue.sync {
163 |                     allResults.append(contentsOf: localResults)
    |                     `- warning: mutation of captured var 'allResults' in concurrently-executing code [#SendableClosureCaptures]
164 |                 }
165 |             }

[#SendableClosureCaptures]: <https://docs.swift.org/compiler/documentation/diagnostics/sendable-closure-captures>
[323/480] Compiling CodeEditorPlugin ConfigurationDSL.swift
/Users/ajmcclary/Dev/CodeEditorPlugin/Sources/CodeEditorPlugin/Completion/OptimizedFuzzyMatcher.swift:153:41: warning: capture of 'self' with non-Sendable type 'OptimizedFuzzyMatcher' in a '@Sendable' closure [#SendableClosureCaptures]
  2 | 
  3 | /// Optimized fuzzy matching engine with improved performance characteristics
  4 | public struct OptimizedFuzzyMatcher {
    |               `- note: consider making struct 'OptimizedFuzzyMatcher' conform to the 'Sendable' protocol
  5 |     // MARK: - Configuration
  6 |     
    :
151 |                 
152 |                 for candidate in chunk {
153 |                     let candidateData = self.preprocessCandidate(candidate)
    |                                         `- warning: capture of 'self' with non-Sendable type 'OptimizedFuzzyMatcher' in a '@Sendable' closure [#SendableClosureCaptures]
154 |                     if !self.quickReject(pattern: pattern, candidateData: candidateData) {
155 |                         if let result = self.matchSingleOptimized(pattern: pattern, candidateData: candidateData) {

/Users/ajmcclary/Dev/CodeEditorPlugin/Sources/CodeEditorPlugin/Completion/OptimizedFuzzyMatcher.swift:163:21: warning: capture of 'allResults' with non-Sendable type '[(result: OptimizedFuzzyMatcher.MatchResult, quickScore: Double)]' in a '@Sendable' closure [#SendableClosureCaptures]
 42 |     
 43 |     /// Result of fuzzy matching
 44 |     public struct MatchResult {
    |                   `- note: consider making struct 'MatchResult' conform to the 'Sendable' protocol
 45 |         public let item: String
 46 |         public let score: Double
    :
161 |                 
162 |                 resultsQueue.sync {
163 |                     allResults.append(contentsOf: localResults)
    |                     `- warning: capture of 'allResults' with non-Sendable type '[(result: OptimizedFuzzyMatcher.MatchResult, quickScore: Double)]' in a '@Sendable' closure [#SendableClosureCaptures]
164 |                 }
165 |             }

/Users/ajmcclary/Dev/CodeEditorPlugin/Sources/CodeEditorPlugin/Completion/OptimizedFuzzyMatcher.swift:163:21: warning: capture of 'allResults' with non-Sendable type '[(result: OptimizedFuzzyMatcher.MatchResult, quickScore: Double)]' in an isolated closure
 42 |     
 43 |     /// Result of fuzzy matching
 44 |     public struct MatchResult {
    |                   `- note: consider making struct 'MatchResult' conform to the 'Sendable' protocol
 45 |         public let item: String
 46 |         public let score: Double
    :
161 |                 
162 |                 resultsQueue.sync {
163 |                     allResults.append(contentsOf: localResults)
    |                     `- warning: capture of 'allResults' with non-Sendable type '[(result: OptimizedFuzzyMatcher.MatchResult, quickScore: Double)]' in an isolated closure
164 |                 }
165 |             }

/Users/ajmcclary/Dev/CodeEditorPlugin/Sources/CodeEditorPlugin/Completion/OptimizedFuzzyMatcher.swift:163:21: warning: mutation of captured var 'allResults' in concurrently-executing code [#SendableClosureCaptures]
161 |                 
162 |                 resultsQueue.sync {
163 |                     allResults.append(contentsOf: localResults)
    |                     `- warning: mutation of captured var 'allResults' in concurrently-executing code [#SendableClosureCaptures]
164 |                 }
165 |             }

[#SendableClosureCaptures]: <https://docs.swift.org/compiler/documentation/diagnostics/sendable-closure-captures>
[324/480] Compiling CodeEditorPlugin ConfigurationDiff.swift
/Users/ajmcclary/Dev/CodeEditorPlugin/Sources/CodeEditorPlugin/Completion/OptimizedFuzzyMatcher.swift:153:41: warning: capture of 'self' with non-Sendable type 'OptimizedFuzzyMatcher' in a '@Sendable' closure [#SendableClosureCaptures]
  2 | 
  3 | /// Optimized fuzzy matching engine with improved performance characteristics
  4 | public struct OptimizedFuzzyMatcher {
    |               `- note: consider making struct 'OptimizedFuzzyMatcher' conform to the 'Sendable' protocol
  5 |     // MARK: - Configuration
  6 |     
    :
151 |                 
152 |                 for candidate in chunk {
153 |                     let candidateData = self.preprocessCandidate(candidate)
    |                                         `- warning: capture of 'self' with non-Sendable type 'OptimizedFuzzyMatcher' in a '@Sendable' closure [#SendableClosureCaptures]
154 |                     if !self.quickReject(pattern: pattern, candidateData: candidateData) {
155 |                         if let result = self.matchSingleOptimized(pattern: pattern, candidateData: candidateData) {

/Users/ajmcclary/Dev/CodeEditorPlugin/Sources/CodeEditorPlugin/Completion/OptimizedFuzzyMatcher.swift:163:21: warning: capture of 'allResults' with non-Sendable type '[(result: OptimizedFuzzyMatcher.MatchResult, quickScore: Double)]' in a '@Sendable' closure [#SendableClosureCaptures]
 42 |     
 43 |     /// Result of fuzzy matching
 44 |     public struct MatchResult {
    |                   `- note: consider making struct 'MatchResult' conform to the 'Sendable' protocol
 45 |         public let item: String
 46 |         public let score: Double
    :
161 |                 
162 |                 resultsQueue.sync {
163 |                     allResults.append(contentsOf: localResults)
    |                     `- warning: capture of 'allResults' with non-Sendable type '[(result: OptimizedFuzzyMatcher.MatchResult, quickScore: Double)]' in a '@Sendable' closure [#SendableClosureCaptures]
164 |                 }
165 |             }

/Users/ajmcclary/Dev/CodeEditorPlugin/Sources/CodeEditorPlugin/Completion/OptimizedFuzzyMatcher.swift:163:21: warning: capture of 'allResults' with non-Sendable type '[(result: OptimizedFuzzyMatcher.MatchResult, quickScore: Double)]' in an isolated closure
 42 |     
 43 |     /// Result of fuzzy matching
 44 |     public struct MatchResult {
    |                   `- note: consider making struct 'MatchResult' conform to the 'Sendable' protocol
 45 |         public let item: String
 46 |         public let score: Double
    :
161 |                 
162 |                 resultsQueue.sync {
163 |                     allResults.append(contentsOf: localResults)
    |                     `- warning: capture of 'allResults' with non-Sendable type '[(result: OptimizedFuzzyMatcher.MatchResult, quickScore: Double)]' in an isolated closure
164 |                 }
165 |             }

/Users/ajmcclary/Dev/CodeEditorPlugin/Sources/CodeEditorPlugin/Completion/OptimizedFuzzyMatcher.swift:163:21: warning: mutation of captured var 'allResults' in concurrently-executing code [#SendableClosureCaptures]
161 |                 
162 |                 resultsQueue.sync {
163 |                     allResults.append(contentsOf: localResults)
    |                     `- warning: mutation of captured var 'allResults' in concurrently-executing code [#SendableClosureCaptures]
164 |                 }
165 |             }

[#SendableClosureCaptures]: <https://docs.swift.org/compiler/documentation/diagnostics/sendable-closure-captures>
[325/480] Compiling CodeEditorPlugin ConfigurationHotReload.swift
/Users/ajmcclary/Dev/CodeEditorPlugin/Sources/CodeEditorPlugin/Completion/OptimizedFuzzyMatcher.swift:153:41: warning: capture of 'self' with non-Sendable type 'OptimizedFuzzyMatcher' in a '@Sendable' closure [#SendableClosureCaptures]
  2 | 
  3 | /// Optimized fuzzy matching engine with improved performance characteristics
  4 | public struct OptimizedFuzzyMatcher {
    |               `- note: consider making struct 'OptimizedFuzzyMatcher' conform to the 'Sendable' protocol
  5 |     // MARK: - Configuration
  6 |     
    :
151 |                 
152 |                 for candidate in chunk {
153 |                     let candidateData = self.preprocessCandidate(candidate)
    |                                         `- warning: capture of 'self' with non-Sendable type 'OptimizedFuzzyMatcher' in a '@Sendable' closure [#SendableClosureCaptures]
154 |                     if !self.quickReject(pattern: pattern, candidateData: candidateData) {
155 |                         if let result = self.matchSingleOptimized(pattern: pattern, candidateData: candidateData) {

/Users/ajmcclary/Dev/CodeEditorPlugin/Sources/CodeEditorPlugin/Completion/OptimizedFuzzyMatcher.swift:163:21: warning: capture of 'allResults' with non-Sendable type '[(result: OptimizedFuzzyMatcher.MatchResult, quickScore: Double)]' in a '@Sendable' closure [#SendableClosureCaptures]
 42 |     
 43 |     /// Result of fuzzy matching
 44 |     public struct MatchResult {
    |                   `- note: consider making struct 'MatchResult' conform to the 'Sendable' protocol
 45 |         public let item: String
 46 |         public let score: Double
    :
161 |                 
162 |                 resultsQueue.sync {
163 |                     allResults.append(contentsOf: localResults)
    |                     `- warning: capture of 'allResults' with non-Sendable type '[(result: OptimizedFuzzyMatcher.MatchResult, quickScore: Double)]' in a '@Sendable' closure [#SendableClosureCaptures]
164 |                 }
165 |             }

/Users/ajmcclary/Dev/CodeEditorPlugin/Sources/CodeEditorPlugin/Completion/OptimizedFuzzyMatcher.swift:163:21: warning: capture of 'allResults' with non-Sendable type '[(result: OptimizedFuzzyMatcher.MatchResult, quickScore: Double)]' in an isolated closure
 42 |     
 43 |     /// Result of fuzzy matching
 44 |     public struct MatchResult {
    |                   `- note: consider making struct 'MatchResult' conform to the 'Sendable' protocol
 45 |         public let item: String
 46 |         public let score: Double
    :
161 |                 
162 |                 resultsQueue.sync {
163 |                     allResults.append(contentsOf: localResults)
    |                     `- warning: capture of 'allResults' with non-Sendable type '[(result: OptimizedFuzzyMatcher.MatchResult, quickScore: Double)]' in an isolated closure
164 |                 }
165 |             }

/Users/ajmcclary/Dev/CodeEditorPlugin/Sources/CodeEditorPlugin/Completion/OptimizedFuzzyMatcher.swift:163:21: warning: mutation of captured var 'allResults' in concurrently-executing code [#SendableClosureCaptures]
161 |                 
162 |                 resultsQueue.sync {
163 |                     allResults.append(contentsOf: localResults)
    |                     `- warning: mutation of captured var 'allResults' in concurrently-executing code [#SendableClosureCaptures]
164 |                 }
165 |             }

[#SendableClosureCaptures]: <https://docs.swift.org/compiler/documentation/diagnostics/sendable-closure-captures>
[326/480] Compiling CodeEditorPlugin ConfigurationMigrator.swift
/Users/ajmcclary/Dev/CodeEditorPlugin/Sources/CodeEditorPlugin/Completion/OptimizedFuzzyMatcher.swift:153:41: warning: capture of 'self' with non-Sendable type 'OptimizedFuzzyMatcher' in a '@Sendable' closure [#SendableClosureCaptures]
  2 | 
  3 | /// Optimized fuzzy matching engine with improved performance characteristics
  4 | public struct OptimizedFuzzyMatcher {
    |               `- note: consider making struct 'OptimizedFuzzyMatcher' conform to the 'Sendable' protocol
  5 |     // MARK: - Configuration
  6 |     
    :
151 |                 
152 |                 for candidate in chunk {
153 |                     let candidateData = self.preprocessCandidate(candidate)
    |                                         `- warning: capture of 'self' with non-Sendable type 'OptimizedFuzzyMatcher' in a '@Sendable' closure [#SendableClosureCaptures]
154 |                     if !self.quickReject(pattern: pattern, candidateData: candidateData) {
155 |                         if let result = self.matchSingleOptimized(pattern: pattern, candidateData: candidateData) {

/Users/ajmcclary/Dev/CodeEditorPlugin/Sources/CodeEditorPlugin/Completion/OptimizedFuzzyMatcher.swift:163:21: warning: capture of 'allResults' with non-Sendable type '[(result: OptimizedFuzzyMatcher.MatchResult, quickScore: Double)]' in a '@Sendable' closure [#SendableClosureCaptures]
 42 |     
 43 |     /// Result of fuzzy matching
 44 |     public struct MatchResult {
    |                   `- note: consider making struct 'MatchResult' conform to the 'Sendable' protocol
 45 |         public let item: String
 46 |         public let score: Double
    :
161 |                 
162 |                 resultsQueue.sync {
163 |                     allResults.append(contentsOf: localResults)
    |                     `- warning: capture of 'allResults' with non-Sendable type '[(result: OptimizedFuzzyMatcher.MatchResult, quickScore: Double)]' in a '@Sendable' closure [#SendableClosureCaptures]
164 |                 }
165 |             }

/Users/ajmcclary/Dev/CodeEditorPlugin/Sources/CodeEditorPlugin/Completion/OptimizedFuzzyMatcher.swift:163:21: warning: capture of 'allResults' with non-Sendable type '[(result: OptimizedFuzzyMatcher.MatchResult, quickScore: Double)]' in an isolated closure
 42 |     
 43 |     /// Result of fuzzy matching
 44 |     public struct MatchResult {
    |                   `- note: consider making struct 'MatchResult' conform to the 'Sendable' protocol
 45 |         public let item: String
 46 |         public let score: Double
    :
161 |                 
162 |                 resultsQueue.sync {
163 |                     allResults.append(contentsOf: localResults)
    |                     `- warning: capture of 'allResults' with non-Sendable type '[(result: OptimizedFuzzyMatcher.MatchResult, quickScore: Double)]' in an isolated closure
164 |                 }
165 |             }

/Users/ajmcclary/Dev/CodeEditorPlugin/Sources/CodeEditorPlugin/Completion/OptimizedFuzzyMatcher.swift:163:21: warning: mutation of captured var 'allResults' in concurrently-executing code [#SendableClosureCaptures]
161 |                 
162 |                 resultsQueue.sync {
163 |                     allResults.append(contentsOf: localResults)
    |                     `- warning: mutation of captured var 'allResults' in concurrently-executing code [#SendableClosureCaptures]
164 |                 }
165 |             }

[#SendableClosureCaptures]: <https://docs.swift.org/compiler/documentation/diagnostics/sendable-closure-captures>
[327/480] Compiling CodeEditorPlugin ConfigurationValidationTypes.swift
/Users/ajmcclary/Dev/CodeEditorPlugin/Sources/CodeEditorPlugin/Completion/OptimizedFuzzyMatcher.swift:153:41: warning: capture of 'self' with non-Sendable type 'OptimizedFuzzyMatcher' in a '@Sendable' closure [#SendableClosureCaptures]
  2 | 
  3 | /// Optimized fuzzy matching engine with improved performance characteristics
  4 | public struct OptimizedFuzzyMatcher {
    |               `- note: consider making struct 'OptimizedFuzzyMatcher' conform to the 'Sendable' protocol
  5 |     // MARK: - Configuration
  6 |     
    :
151 |                 
152 |                 for candidate in chunk {
153 |                     let candidateData = self.preprocessCandidate(candidate)
    |                                         `- warning: capture of 'self' with non-Sendable type 'OptimizedFuzzyMatcher' in a '@Sendable' closure [#SendableClosureCaptures]
154 |                     if !self.quickReject(pattern: pattern, candidateData: candidateData) {
155 |                         if let result = self.matchSingleOptimized(pattern: pattern, candidateData: candidateData) {

/Users/ajmcclary/Dev/CodeEditorPlugin/Sources/CodeEditorPlugin/Completion/OptimizedFuzzyMatcher.swift:163:21: warning: capture of 'allResults' with non-Sendable type '[(result: OptimizedFuzzyMatcher.MatchResult, quickScore: Double)]' in a '@Sendable' closure [#SendableClosureCaptures]
 42 |     
 43 |     /// Result of fuzzy matching
 44 |     public struct MatchResult {
    |                   `- note: consider making struct 'MatchResult' conform to the 'Sendable' protocol
 45 |         public let item: String
 46 |         public let score: Double
    :
161 |                 
162 |                 resultsQueue.sync {
163 |                     allResults.append(contentsOf: localResults)
    |                     `- warning: capture of 'allResults' with non-Sendable type '[(result: OptimizedFuzzyMatcher.MatchResult, quickScore: Double)]' in a '@Sendable' closure [#SendableClosureCaptures]
164 |                 }
165 |             }

/Users/ajmcclary/Dev/CodeEditorPlugin/Sources/CodeEditorPlugin/Completion/OptimizedFuzzyMatcher.swift:163:21: warning: capture of 'allResults' with non-Sendable type '[(result: OptimizedFuzzyMatcher.MatchResult, quickScore: Double)]' in an isolated closure
 42 |     
 43 |     /// Result of fuzzy matching
 44 |     public struct MatchResult {
    |                   `- note: consider making struct 'MatchResult' conform to the 'Sendable' protocol
 45 |         public let item: String
 46 |         public let score: Double
    :
161 |                 
162 |                 resultsQueue.sync {
163 |                     allResults.append(contentsOf: localResults)
    |                     `- warning: capture of 'allResults' with non-Sendable type '[(result: OptimizedFuzzyMatcher.MatchResult, quickScore: Double)]' in an isolated closure
164 |                 }
165 |             }

/Users/ajmcclary/Dev/CodeEditorPlugin/Sources/CodeEditorPlugin/Completion/OptimizedFuzzyMatcher.swift:163:21: warning: mutation of captured var 'allResults' in concurrently-executing code [#SendableClosureCaptures]
161 |                 
162 |                 resultsQueue.sync {
163 |                     allResults.append(contentsOf: localResults)
    |                     `- warning: mutation of captured var 'allResults' in concurrently-executing code [#SendableClosureCaptures]
164 |                 }
165 |             }

[#SendableClosureCaptures]: <https://docs.swift.org/compiler/documentation/diagnostics/sendable-closure-captures>
[328/480] Compiling CodeEditorPlugin ConfigurationValidationUtilities.swift
/Users/ajmcclary/Dev/CodeEditorPlugin/Sources/CodeEditorPlugin/Completion/OptimizedFuzzyMatcher.swift:153:41: warning: capture of 'self' with non-Sendable type 'OptimizedFuzzyMatcher' in a '@Sendable' closure [#SendableClosureCaptures]
  2 | 
  3 | /// Optimized fuzzy matching engine with improved performance characteristics
  4 | public struct OptimizedFuzzyMatcher {
    |               `- note: consider making struct 'OptimizedFuzzyMatcher' conform to the 'Sendable' protocol
  5 |     // MARK: - Configuration
  6 |     
    :
151 |                 
152 |                 for candidate in chunk {
153 |                     let candidateData = self.preprocessCandidate(candidate)
    |                                         `- warning: capture of 'self' with non-Sendable type 'OptimizedFuzzyMatcher' in a '@Sendable' closure [#SendableClosureCaptures]
154 |                     if !self.quickReject(pattern: pattern, candidateData: candidateData) {
155 |                         if let result = self.matchSingleOptimized(pattern: pattern, candidateData: candidateData) {

/Users/ajmcclary/Dev/CodeEditorPlugin/Sources/CodeEditorPlugin/Completion/OptimizedFuzzyMatcher.swift:163:21: warning: capture of 'allResults' with non-Sendable type '[(result: OptimizedFuzzyMatcher.MatchResult, quickScore: Double)]' in a '@Sendable' closure [#SendableClosureCaptures]
 42 |     
 43 |     /// Result of fuzzy matching
 44 |     public struct MatchResult {
    |                   `- note: consider making struct 'MatchResult' conform to the 'Sendable' protocol
 45 |         public let item: String
 46 |         public let score: Double
    :
161 |                 
162 |                 resultsQueue.sync {
163 |                     allResults.append(contentsOf: localResults)
    |                     `- warning: capture of 'allResults' with non-Sendable type '[(result: OptimizedFuzzyMatcher.MatchResult, quickScore: Double)]' in a '@Sendable' closure [#SendableClosureCaptures]
164 |                 }
165 |             }

/Users/ajmcclary/Dev/CodeEditorPlugin/Sources/CodeEditorPlugin/Completion/OptimizedFuzzyMatcher.swift:163:21: warning: capture of 'allResults' with non-Sendable type '[(result: OptimizedFuzzyMatcher.MatchResult, quickScore: Double)]' in an isolated closure
 42 |     
 43 |     /// Result of fuzzy matching
 44 |     public struct MatchResult {
    |                   `- note: consider making struct 'MatchResult' conform to the 'Sendable' protocol
 45 |         public let item: String
 46 |         public let score: Double
    :
161 |                 
162 |                 resultsQueue.sync {
163 |                     allResults.append(contentsOf: localResults)
    |                     `- warning: capture of 'allResults' with non-Sendable type '[(result: OptimizedFuzzyMatcher.MatchResult, quickScore: Double)]' in an isolated closure
164 |                 }
165 |             }

/Users/ajmcclary/Dev/CodeEditorPlugin/Sources/CodeEditorPlugin/Completion/OptimizedFuzzyMatcher.swift:163:21: warning: mutation of captured var 'allResults' in concurrently-executing code [#SendableClosureCaptures]
161 |                 
162 |                 resultsQueue.sync {
163 |                     allResults.append(contentsOf: localResults)
    |                     `- warning: mutation of captured var 'allResults' in concurrently-executing code [#SendableClosureCaptures]
164 |                 }
165 |             }

[#SendableClosureCaptures]: <https://docs.swift.org/compiler/documentation/diagnostics/sendable-closure-captures>
[329/480] Compiling CodeEditorPlugin ConfigurationValidator+BehaviorExtensions.swift
/Users/ajmcclary/Dev/CodeEditorPlugin/Sources/CodeEditorPlugin/Completion/OptimizedFuzzyMatcher.swift:153:41: warning: capture of 'self' with non-Sendable type 'OptimizedFuzzyMatcher' in a '@Sendable' closure [#SendableClosureCaptures]
  2 | 
  3 | /// Optimized fuzzy matching engine with improved performance characteristics
  4 | public struct OptimizedFuzzyMatcher {
    |               `- note: consider making struct 'OptimizedFuzzyMatcher' conform to the 'Sendable' protocol
  5 |     // MARK: - Configuration
  6 |     
    :
151 |                 
152 |                 for candidate in chunk {
153 |                     let candidateData = self.preprocessCandidate(candidate)
    |                                         `- warning: capture of 'self' with non-Sendable type 'OptimizedFuzzyMatcher' in a '@Sendable' closure [#SendableClosureCaptures]
154 |                     if !self.quickReject(pattern: pattern, candidateData: candidateData) {
155 |                         if let result = self.matchSingleOptimized(pattern: pattern, candidateData: candidateData) {

/Users/ajmcclary/Dev/CodeEditorPlugin/Sources/CodeEditorPlugin/Completion/OptimizedFuzzyMatcher.swift:163:21: warning: capture of 'allResults' with non-Sendable type '[(result: OptimizedFuzzyMatcher.MatchResult, quickScore: Double)]' in a '@Sendable' closure [#SendableClosureCaptures]
 42 |     
 43 |     /// Result of fuzzy matching
 44 |     public struct MatchResult {
    |                   `- note: consider making struct 'MatchResult' conform to the 'Sendable' protocol
 45 |         public let item: String
 46 |         public let score: Double
    :
161 |                 
162 |                 resultsQueue.sync {
163 |                     allResults.append(contentsOf: localResults)
    |                     `- warning: capture of 'allResults' with non-Sendable type '[(result: OptimizedFuzzyMatcher.MatchResult, quickScore: Double)]' in a '@Sendable' closure [#SendableClosureCaptures]
164 |                 }
165 |             }

/Users/ajmcclary/Dev/CodeEditorPlugin/Sources/CodeEditorPlugin/Completion/OptimizedFuzzyMatcher.swift:163:21: warning: capture of 'allResults' with non-Sendable type '[(result: OptimizedFuzzyMatcher.MatchResult, quickScore: Double)]' in an isolated closure
 42 |     
 43 |     /// Result of fuzzy matching
 44 |     public struct MatchResult {
    |                   `- note: consider making struct 'MatchResult' conform to the 'Sendable' protocol
 45 |         public let item: String
 46 |         public let score: Double
    :
161 |                 
162 |                 resultsQueue.sync {
163 |                     allResults.append(contentsOf: localResults)
    |                     `- warning: capture of 'allResults' with non-Sendable type '[(result: OptimizedFuzzyMatcher.MatchResult, quickScore: Double)]' in an isolated closure
164 |                 }
165 |             }

/Users/ajmcclary/Dev/CodeEditorPlugin/Sources/CodeEditorPlugin/Completion/OptimizedFuzzyMatcher.swift:163:21: warning: mutation of captured var 'allResults' in concurrently-executing code [#SendableClosureCaptures]
161 |                 
162 |                 resultsQueue.sync {
163 |                     allResults.append(contentsOf: localResults)
    |                     `- warning: mutation of captured var 'allResults' in concurrently-executing code [#SendableClosureCaptures]
164 |                 }
165 |             }

[#SendableClosureCaptures]: <https://docs.swift.org/compiler/documentation/diagnostics/sendable-closure-captures>
[330/480] Compiling CodeEditorPlugin ConfigurationValidator+DisplayExtensions.swift
/Users/ajmcclary/Dev/CodeEditorPlugin/Sources/CodeEditorPlugin/Completion/OptimizedFuzzyMatcher.swift:153:41: warning: capture of 'self' with non-Sendable type 'OptimizedFuzzyMatcher' in a '@Sendable' closure [#SendableClosureCaptures]
  2 | 
  3 | /// Optimized fuzzy matching engine with improved performance characteristics
  4 | public struct OptimizedFuzzyMatcher {
    |               `- note: consider making struct 'OptimizedFuzzyMatcher' conform to the 'Sendable' protocol
  5 |     // MARK: - Configuration
  6 |     
    :
151 |                 
152 |                 for candidate in chunk {
153 |                     let candidateData = self.preprocessCandidate(candidate)
    |                                         `- warning: capture of 'self' with non-Sendable type 'OptimizedFuzzyMatcher' in a '@Sendable' closure [#SendableClosureCaptures]
154 |                     if !self.quickReject(pattern: pattern, candidateData: candidateData) {
155 |                         if let result = self.matchSingleOptimized(pattern: pattern, candidateData: candidateData) {

/Users/ajmcclary/Dev/CodeEditorPlugin/Sources/CodeEditorPlugin/Completion/OptimizedFuzzyMatcher.swift:163:21: warning: capture of 'allResults' with non-Sendable type '[(result: OptimizedFuzzyMatcher.MatchResult, quickScore: Double)]' in a '@Sendable' closure [#SendableClosureCaptures]
 42 |     
 43 |     /// Result of fuzzy matching
 44 |     public struct MatchResult {
    |                   `- note: consider making struct 'MatchResult' conform to the 'Sendable' protocol
 45 |         public let item: String
 46 |         public let score: Double
    :
161 |                 
162 |                 resultsQueue.sync {
163 |                     allResults.append(contentsOf: localResults)
    |                     `- warning: capture of 'allResults' with non-Sendable type '[(result: OptimizedFuzzyMatcher.MatchResult, quickScore: Double)]' in a '@Sendable' closure [#SendableClosureCaptures]
164 |                 }
165 |             }

/Users/ajmcclary/Dev/CodeEditorPlugin/Sources/CodeEditorPlugin/Completion/OptimizedFuzzyMatcher.swift:163:21: warning: capture of 'allResults' with non-Sendable type '[(result: OptimizedFuzzyMatcher.MatchResult, quickScore: Double)]' in an isolated closure
 42 |     
 43 |     /// Result of fuzzy matching
 44 |     public struct MatchResult {
    |                   `- note: consider making struct 'MatchResult' conform to the 'Sendable' protocol
 45 |         public let item: String
 46 |         public let score: Double
    :
161 |                 
162 |                 resultsQueue.sync {
163 |                     allResults.append(contentsOf: localResults)
    |                     `- warning: capture of 'allResults' with non-Sendable type '[(result: OptimizedFuzzyMatcher.MatchResult, quickScore: Double)]' in an isolated closure
164 |                 }
165 |             }

/Users/ajmcclary/Dev/CodeEditorPlugin/Sources/CodeEditorPlugin/Completion/OptimizedFuzzyMatcher.swift:163:21: warning: mutation of captured var 'allResults' in concurrently-executing code [#SendableClosureCaptures]
161 |                 
162 |                 resultsQueue.sync {
163 |                     allResults.append(contentsOf: localResults)
    |                     `- warning: mutation of captured var 'allResults' in concurrently-executing code [#SendableClosureCaptures]
164 |                 }
165 |             }

[#SendableClosureCaptures]: <https://docs.swift.org/compiler/documentation/diagnostics/sendable-closure-captures>
[331/480] Compiling CodeEditorPlugin ConfigurationValidator+LayoutExtensions.swift
/Users/ajmcclary/Dev/CodeEditorPlugin/Sources/CodeEditorPlugin/Completion/OptimizedFuzzyMatcher.swift:153:41: warning: capture of 'self' with non-Sendable type 'OptimizedFuzzyMatcher' in a '@Sendable' closure [#SendableClosureCaptures]
  2 | 
  3 | /// Optimized fuzzy matching engine with improved performance characteristics
  4 | public struct OptimizedFuzzyMatcher {
    |               `- note: consider making struct 'OptimizedFuzzyMatcher' conform to the 'Sendable' protocol
  5 |     // MARK: - Configuration
  6 |     
    :
151 |                 
152 |                 for candidate in chunk {
153 |                     let candidateData = self.preprocessCandidate(candidate)
    |                                         `- warning: capture of 'self' with non-Sendable type 'OptimizedFuzzyMatcher' in a '@Sendable' closure [#SendableClosureCaptures]
154 |                     if !self.quickReject(pattern: pattern, candidateData: candidateData) {
155 |                         if let result = self.matchSingleOptimized(pattern: pattern, candidateData: candidateData) {

/Users/ajmcclary/Dev/CodeEditorPlugin/Sources/CodeEditorPlugin/Completion/OptimizedFuzzyMatcher.swift:163:21: warning: capture of 'allResults' with non-Sendable type '[(result: OptimizedFuzzyMatcher.MatchResult, quickScore: Double)]' in a '@Sendable' closure [#SendableClosureCaptures]
 42 |     
 43 |     /// Result of fuzzy matching
 44 |     public struct MatchResult {
    |                   `- note: consider making struct 'MatchResult' conform to the 'Sendable' protocol
 45 |         public let item: String
 46 |         public let score: Double
    :
161 |                 
162 |                 resultsQueue.sync {
163 |                     allResults.append(contentsOf: localResults)
    |                     `- warning: capture of 'allResults' with non-Sendable type '[(result: OptimizedFuzzyMatcher.MatchResult, quickScore: Double)]' in a '@Sendable' closure [#SendableClosureCaptures]
164 |                 }
165 |             }

/Users/ajmcclary/Dev/CodeEditorPlugin/Sources/CodeEditorPlugin/Completion/OptimizedFuzzyMatcher.swift:163:21: warning: capture of 'allResults' with non-Sendable type '[(result: OptimizedFuzzyMatcher.MatchResult, quickScore: Double)]' in an isolated closure
 42 |     
 43 |     /// Result of fuzzy matching
 44 |     public struct MatchResult {
    |                   `- note: consider making struct 'MatchResult' conform to the 'Sendable' protocol
 45 |         public let item: String
 46 |         public let score: Double
    :
161 |                 
162 |                 resultsQueue.sync {
163 |                     allResults.append(contentsOf: localResults)
    |                     `- warning: capture of 'allResults' with non-Sendable type '[(result: OptimizedFuzzyMatcher.MatchResult, quickScore: Double)]' in an isolated closure
164 |                 }
165 |             }

/Users/ajmcclary/Dev/CodeEditorPlugin/Sources/CodeEditorPlugin/Completion/OptimizedFuzzyMatcher.swift:163:21: warning: mutation of captured var 'allResults' in concurrently-executing code [#SendableClosureCaptures]
161 |                 
162 |                 resultsQueue.sync {
163 |                     allResults.append(contentsOf: localResults)
    |                     `- warning: mutation of captured var 'allResults' in concurrently-executing code [#SendableClosureCaptures]
164 |                 }
165 |             }

[#SendableClosureCaptures]: <https://docs.swift.org/compiler/documentation/diagnostics/sendable-closure-captures>
[332/480] Compiling CodeEditorPlugin ConfigurationValidator+PerformanceExtensions.swift
/Users/ajmcclary/Dev/CodeEditorPlugin/Sources/CodeEditorPlugin/Completion/OptimizedFuzzyMatcher.swift:153:41: warning: capture of 'self' with non-Sendable type 'OptimizedFuzzyMatcher' in a '@Sendable' closure [#SendableClosureCaptures]
  2 | 
  3 | /// Optimized fuzzy matching engine with improved performance characteristics
  4 | public struct OptimizedFuzzyMatcher {
    |               `- note: consider making struct 'OptimizedFuzzyMatcher' conform to the 'Sendable' protocol
  5 |     // MARK: - Configuration
  6 |     
    :
151 |                 
152 |                 for candidate in chunk {
153 |                     let candidateData = self.preprocessCandidate(candidate)
    |                                         `- warning: capture of 'self' with non-Sendable type 'OptimizedFuzzyMatcher' in a '@Sendable' closure [#SendableClosureCaptures]
154 |                     if !self.quickReject(pattern: pattern, candidateData: candidateData) {
155 |                         if let result = self.matchSingleOptimized(pattern: pattern, candidateData: candidateData) {

/Users/ajmcclary/Dev/CodeEditorPlugin/Sources/CodeEditorPlugin/Completion/OptimizedFuzzyMatcher.swift:163:21: warning: capture of 'allResults' with non-Sendable type '[(result: OptimizedFuzzyMatcher.MatchResult, quickScore: Double)]' in a '@Sendable' closure [#SendableClosureCaptures]
 42 |     
 43 |     /// Result of fuzzy matching
 44 |     public struct MatchResult {
    |                   `- note: consider making struct 'MatchResult' conform to the 'Sendable' protocol
 45 |         public let item: String
 46 |         public let score: Double
    :
161 |                 
162 |                 resultsQueue.sync {
163 |                     allResults.append(contentsOf: localResults)
    |                     `- warning: capture of 'allResults' with non-Sendable type '[(result: OptimizedFuzzyMatcher.MatchResult, quickScore: Double)]' in a '@Sendable' closure [#SendableClosureCaptures]
164 |                 }
165 |             }

/Users/ajmcclary/Dev/CodeEditorPlugin/Sources/CodeEditorPlugin/Completion/OptimizedFuzzyMatcher.swift:163:21: warning: capture of 'allResults' with non-Sendable type '[(result: OptimizedFuzzyMatcher.MatchResult, quickScore: Double)]' in an isolated closure
 42 |     
 43 |     /// Result of fuzzy matching
 44 |     public struct MatchResult {
    |                   `- note: consider making struct 'MatchResult' conform to the 'Sendable' protocol
 45 |         public let item: String
 46 |         public let score: Double
    :
161 |                 
162 |                 resultsQueue.sync {
163 |                     allResults.append(contentsOf: localResults)
    |                     `- warning: capture of 'allResults' with non-Sendable type '[(result: OptimizedFuzzyMatcher.MatchResult, quickScore: Double)]' in an isolated closure
164 |                 }
165 |             }

/Users/ajmcclary/Dev/CodeEditorPlugin/Sources/CodeEditorPlugin/Completion/OptimizedFuzzyMatcher.swift:163:21: warning: mutation of captured var 'allResults' in concurrently-executing code [#SendableClosureCaptures]
161 |                 
162 |                 resultsQueue.sync {
163 |                     allResults.append(contentsOf: localResults)
    |                     `- warning: mutation of captured var 'allResults' in concurrently-executing code [#SendableClosureCaptures]
164 |                 }
165 |             }

[#SendableClosureCaptures]: <https://docs.swift.org/compiler/documentation/diagnostics/sendable-closure-captures>
[333/480] Compiling CodeEditorPlugin ConfigurationValidator.swift
/Users/ajmcclary/Dev/CodeEditorPlugin/Sources/CodeEditorPlugin/Completion/OptimizedFuzzyMatcher.swift:153:41: warning: capture of 'self' with non-Sendable type 'OptimizedFuzzyMatcher' in a '@Sendable' closure [#SendableClosureCaptures]
  2 | 
  3 | /// Optimized fuzzy matching engine with improved performance characteristics
  4 | public struct OptimizedFuzzyMatcher {
    |               `- note: consider making struct 'OptimizedFuzzyMatcher' conform to the 'Sendable' protocol
  5 |     // MARK: - Configuration
  6 |     
    :
151 |                 
152 |                 for candidate in chunk {
153 |                     let candidateData = self.preprocessCandidate(candidate)
    |                                         `- warning: capture of 'self' with non-Sendable type 'OptimizedFuzzyMatcher' in a '@Sendable' closure [#SendableClosureCaptures]
154 |                     if !self.quickReject(pattern: pattern, candidateData: candidateData) {
155 |                         if let result = self.matchSingleOptimized(pattern: pattern, candidateData: candidateData) {

/Users/ajmcclary/Dev/CodeEditorPlugin/Sources/CodeEditorPlugin/Completion/OptimizedFuzzyMatcher.swift:163:21: warning: capture of 'allResults' with non-Sendable type '[(result: OptimizedFuzzyMatcher.MatchResult, quickScore: Double)]' in a '@Sendable' closure [#SendableClosureCaptures]
 42 |     
 43 |     /// Result of fuzzy matching
 44 |     public struct MatchResult {
    |                   `- note: consider making struct 'MatchResult' conform to the 'Sendable' protocol
 45 |         public let item: String
 46 |         public let score: Double
    :
161 |                 
162 |                 resultsQueue.sync {
163 |                     allResults.append(contentsOf: localResults)
    |                     `- warning: capture of 'allResults' with non-Sendable type '[(result: OptimizedFuzzyMatcher.MatchResult, quickScore: Double)]' in a '@Sendable' closure [#SendableClosureCaptures]
164 |                 }
165 |             }

/Users/ajmcclary/Dev/CodeEditorPlugin/Sources/CodeEditorPlugin/Completion/OptimizedFuzzyMatcher.swift:163:21: warning: capture of 'allResults' with non-Sendable type '[(result: OptimizedFuzzyMatcher.MatchResult, quickScore: Double)]' in an isolated closure
 42 |     
 43 |     /// Result of fuzzy matching
 44 |     public struct MatchResult {
    |                   `- note: consider making struct 'MatchResult' conform to the 'Sendable' protocol
 45 |         public let item: String
 46 |         public let score: Double
    :
161 |                 
162 |                 resultsQueue.sync {
163 |                     allResults.append(contentsOf: localResults)
    |                     `- warning: capture of 'allResults' with non-Sendable type '[(result: OptimizedFuzzyMatcher.MatchResult, quickScore: Double)]' in an isolated closure
164 |                 }
165 |             }

/Users/ajmcclary/Dev/CodeEditorPlugin/Sources/CodeEditorPlugin/Completion/OptimizedFuzzyMatcher.swift:163:21: warning: mutation of captured var 'allResults' in concurrently-executing code [#SendableClosureCaptures]
161 |                 
162 |                 resultsQueue.sync {
163 |                     allResults.append(contentsOf: localResults)
    |                     `- warning: mutation of captured var 'allResults' in concurrently-executing code [#SendableClosureCaptures]
164 |                 }
165 |             }

[#SendableClosureCaptures]: <https://docs.swift.org/compiler/documentation/diagnostics/sendable-closure-captures>
[334/480] Compiling CodeEditorPlugin EditorConfiguration+BehaviorExtensions.swift
/Users/ajmcclary/Dev/CodeEditorPlugin/Sources/CodeEditorPlugin/Completion/OptimizedFuzzyMatcher.swift:153:41: warning: capture of 'self' with non-Sendable type 'OptimizedFuzzyMatcher' in a '@Sendable' closure [#SendableClosureCaptures]
  2 | 
  3 | /// Optimized fuzzy matching engine with improved performance characteristics
  4 | public struct OptimizedFuzzyMatcher {
    |               `- note: consider making struct 'OptimizedFuzzyMatcher' conform to the 'Sendable' protocol
  5 |     // MARK: - Configuration
  6 |     
    :
151 |                 
152 |                 for candidate in chunk {
153 |                     let candidateData = self.preprocessCandidate(candidate)
    |                                         `- warning: capture of 'self' with non-Sendable type 'OptimizedFuzzyMatcher' in a '@Sendable' closure [#SendableClosureCaptures]
154 |                     if !self.quickReject(pattern: pattern, candidateData: candidateData) {
155 |                         if let result = self.matchSingleOptimized(pattern: pattern, candidateData: candidateData) {

/Users/ajmcclary/Dev/CodeEditorPlugin/Sources/CodeEditorPlugin/Completion/OptimizedFuzzyMatcher.swift:163:21: warning: capture of 'allResults' with non-Sendable type '[(result: OptimizedFuzzyMatcher.MatchResult, quickScore: Double)]' in a '@Sendable' closure [#SendableClosureCaptures]
 42 |     
 43 |     /// Result of fuzzy matching
 44 |     public struct MatchResult {
    |                   `- note: consider making struct 'MatchResult' conform to the 'Sendable' protocol
 45 |         public let item: String
 46 |         public let score: Double
    :
161 |                 
162 |                 resultsQueue.sync {
163 |                     allResults.append(contentsOf: localResults)
    |                     `- warning: capture of 'allResults' with non-Sendable type '[(result: OptimizedFuzzyMatcher.MatchResult, quickScore: Double)]' in a '@Sendable' closure [#SendableClosureCaptures]
164 |                 }
165 |             }

/Users/ajmcclary/Dev/CodeEditorPlugin/Sources/CodeEditorPlugin/Completion/OptimizedFuzzyMatcher.swift:163:21: warning: capture of 'allResults' with non-Sendable type '[(result: OptimizedFuzzyMatcher.MatchResult, quickScore: Double)]' in an isolated closure
 42 |     
 43 |     /// Result of fuzzy matching
 44 |     public struct MatchResult {
    |                   `- note: consider making struct 'MatchResult' conform to the 'Sendable' protocol
 45 |         public let item: String
 46 |         public let score: Double
    :
161 |                 
162 |                 resultsQueue.sync {
163 |                     allResults.append(contentsOf: localResults)
    |                     `- warning: capture of 'allResults' with non-Sendable type '[(result: OptimizedFuzzyMatcher.MatchResult, quickScore: Double)]' in an isolated closure
164 |                 }
165 |             }

/Users/ajmcclary/Dev/CodeEditorPlugin/Sources/CodeEditorPlugin/Completion/OptimizedFuzzyMatcher.swift:163:21: warning: mutation of captured var 'allResults' in concurrently-executing code [#SendableClosureCaptures]
161 |                 
162 |                 resultsQueue.sync {
163 |                     allResults.append(contentsOf: localResults)
    |                     `- warning: mutation of captured var 'allResults' in concurrently-executing code [#SendableClosureCaptures]
164 |                 }
165 |             }

[#SendableClosureCaptures]: <https://docs.swift.org/compiler/documentation/diagnostics/sendable-closure-captures>
[335/480] Compiling CodeEditorPlugin EditorConfiguration+DisplayExtensions.swift
/Users/ajmcclary/Dev/CodeEditorPlugin/Sources/CodeEditorPlugin/Completion/OptimizedFuzzyMatcher.swift:153:41: warning: capture of 'self' with non-Sendable type 'OptimizedFuzzyMatcher' in a '@Sendable' closure [#SendableClosureCaptures]
  2 | 
  3 | /// Optimized fuzzy matching engine with improved performance characteristics
  4 | public struct OptimizedFuzzyMatcher {
    |               `- note: consider making struct 'OptimizedFuzzyMatcher' conform to the 'Sendable' protocol
  5 |     // MARK: - Configuration
  6 |     
    :
151 |                 
152 |                 for candidate in chunk {
153 |                     let candidateData = self.preprocessCandidate(candidate)
    |                                         `- warning: capture of 'self' with non-Sendable type 'OptimizedFuzzyMatcher' in a '@Sendable' closure [#SendableClosureCaptures]
154 |                     if !self.quickReject(pattern: pattern, candidateData: candidateData) {
155 |                         if let result = self.matchSingleOptimized(pattern: pattern, candidateData: candidateData) {

/Users/ajmcclary/Dev/CodeEditorPlugin/Sources/CodeEditorPlugin/Completion/OptimizedFuzzyMatcher.swift:163:21: warning: capture of 'allResults' with non-Sendable type '[(result: OptimizedFuzzyMatcher.MatchResult, quickScore: Double)]' in a '@Sendable' closure [#SendableClosureCaptures]
 42 |     
 43 |     /// Result of fuzzy matching
 44 |     public struct MatchResult {
    |                   `- note: consider making struct 'MatchResult' conform to the 'Sendable' protocol
 45 |         public let item: String
 46 |         public let score: Double
    :
161 |                 
162 |                 resultsQueue.sync {
163 |                     allResults.append(contentsOf: localResults)
    |                     `- warning: capture of 'allResults' with non-Sendable type '[(result: OptimizedFuzzyMatcher.MatchResult, quickScore: Double)]' in a '@Sendable' closure [#SendableClosureCaptures]
164 |                 }
165 |             }

/Users/ajmcclary/Dev/CodeEditorPlugin/Sources/CodeEditorPlugin/Completion/OptimizedFuzzyMatcher.swift:163:21: warning: capture of 'allResults' with non-Sendable type '[(result: OptimizedFuzzyMatcher.MatchResult, quickScore: Double)]' in an isolated closure
 42 |     
 43 |     /// Result of fuzzy matching
 44 |     public struct MatchResult {
    |                   `- note: consider making struct 'MatchResult' conform to the 'Sendable' protocol
 45 |         public let item: String
 46 |         public let score: Double
    :
161 |                 
162 |                 resultsQueue.sync {
163 |                     allResults.append(contentsOf: localResults)
    |                     `- warning: capture of 'allResults' with non-Sendable type '[(result: OptimizedFuzzyMatcher.MatchResult, quickScore: Double)]' in an isolated closure
164 |                 }
165 |             }

/Users/ajmcclary/Dev/CodeEditorPlugin/Sources/CodeEditorPlugin/Completion/OptimizedFuzzyMatcher.swift:163:21: warning: mutation of captured var 'allResults' in concurrently-executing code [#SendableClosureCaptures]
161 |                 
162 |                 resultsQueue.sync {
163 |                     allResults.append(contentsOf: localResults)
    |                     `- warning: mutation of captured var 'allResults' in concurrently-executing code [#SendableClosureCaptures]
164 |                 }
165 |             }

[#SendableClosureCaptures]: <https://docs.swift.org/compiler/documentation/diagnostics/sendable-closure-captures>
[336/480] Compiling CodeEditorPlugin EditorConfiguration+ErrorValidationExtensions.swift
/Users/ajmcclary/Dev/CodeEditorPlugin/Sources/CodeEditorPlugin/Completion/OptimizedFuzzyMatcher.swift:153:41: warning: capture of 'self' with non-Sendable type 'OptimizedFuzzyMatcher' in a '@Sendable' closure [#SendableClosureCaptures]
  2 | 
  3 | /// Optimized fuzzy matching engine with improved performance characteristics
  4 | public struct OptimizedFuzzyMatcher {
    |               `- note: consider making struct 'OptimizedFuzzyMatcher' conform to the 'Sendable' protocol
  5 |     // MARK: - Configuration
  6 |     
    :
151 |                 
152 |                 for candidate in chunk {
153 |                     let candidateData = self.preprocessCandidate(candidate)
    |                                         `- warning: capture of 'self' with non-Sendable type 'OptimizedFuzzyMatcher' in a '@Sendable' closure [#SendableClosureCaptures]
154 |                     if !self.quickReject(pattern: pattern, candidateData: candidateData) {
155 |                         if let result = self.matchSingleOptimized(pattern: pattern, candidateData: candidateData) {

/Users/ajmcclary/Dev/CodeEditorPlugin/Sources/CodeEditorPlugin/Completion/OptimizedFuzzyMatcher.swift:163:21: warning: capture of 'allResults' with non-Sendable type '[(result: OptimizedFuzzyMatcher.MatchResult, quickScore: Double)]' in a '@Sendable' closure [#SendableClosureCaptures]
 42 |     
 43 |     /// Result of fuzzy matching
 44 |     public struct MatchResult {
    |                   `- note: consider making struct 'MatchResult' conform to the 'Sendable' protocol
 45 |         public let item: String
 46 |         public let score: Double
    :
161 |                 
162 |                 resultsQueue.sync {
163 |                     allResults.append(contentsOf: localResults)
    |                     `- warning: capture of 'allResults' with non-Sendable type '[(result: OptimizedFuzzyMatcher.MatchResult, quickScore: Double)]' in a '@Sendable' closure [#SendableClosureCaptures]
164 |                 }
165 |             }

/Users/ajmcclary/Dev/CodeEditorPlugin/Sources/CodeEditorPlugin/Completion/OptimizedFuzzyMatcher.swift:163:21: warning: capture of 'allResults' with non-Sendable type '[(result: OptimizedFuzzyMatcher.MatchResult, quickScore: Double)]' in an isolated closure
 42 |     
 43 |     /// Result of fuzzy matching
 44 |     public struct MatchResult {
    |                   `- note: consider making struct 'MatchResult' conform to the 'Sendable' protocol
 45 |         public let item: String
 46 |         public let score: Double
    :
161 |                 
162 |                 resultsQueue.sync {
163 |                     allResults.append(contentsOf: localResults)
    |                     `- warning: capture of 'allResults' with non-Sendable type '[(result: OptimizedFuzzyMatcher.MatchResult, quickScore: Double)]' in an isolated closure
164 |                 }
165 |             }

/Users/ajmcclary/Dev/CodeEditorPlugin/Sources/CodeEditorPlugin/Completion/OptimizedFuzzyMatcher.swift:163:21: warning: mutation of captured var 'allResults' in concurrently-executing code [#SendableClosureCaptures]
161 |                 
162 |                 resultsQueue.sync {
163 |                     allResults.append(contentsOf: localResults)
    |                     `- warning: mutation of captured var 'allResults' in concurrently-executing code [#SendableClosureCaptures]
164 |                 }
165 |             }

[#SendableClosureCaptures]: <https://docs.swift.org/compiler/documentation/diagnostics/sendable-closure-captures>
[337/480] Compiling CodeEditorPlugin RubySymbolProvider.swift
[338/480] Compiling CodeEditorPlugin RustCompletionProvider.swift
[339/480] Compiling CodeEditorPlugin SQLCompletionProvider.swift
[340/480] Compiling CodeEditorPlugin SQLFoldingProvider.swift
[341/480] Compiling CodeEditorPlugin SQLSymbolProvider.swift
[342/480] Compiling CodeEditorPlugin SharedCompletionBuilder.swift
[343/480] Compiling CodeEditorPlugin ShellCompletionProvider.swift
[344/480] Compiling CodeEditorPlugin ShellFoldingProvider.swift
[345/480] Compiling CodeEditorPlugin ShellSymbolProvider.swift
[346/480] Compiling CodeEditorPlugin SwiftCompletionProvider.swift
[347/480] Compiling CodeEditorPlugin SwiftSymbolProvider.swift
[348/480] Compiling CodeEditorPlugin SwiftSyntaxHighlighter+SharedExtensions.swift
[349/480] Compiling CodeEditorPlugin SwiftSyntaxHighlighter.swift
[350/480] Compiling CodeEditorPlugin TypeScriptCompletionProvider.swift
[351/480] Compiling CodeEditorPlugin XMLCompletionProvider.swift
[352/480] Compiling CodeEditorPlugin XMLFoldingProvider.swift
[353/480] Compiling CodeEditorPlugin XMLSymbolProvider.swift
[354/480] Compiling CodeEditorPlugin YAMLCompletionProvider.swift
[355/480] Compiling CodeEditorPlugin YAMLSymbolProvider.swift
[356/480] Compiling CodeEditorPlugin AdaptiveLayoutProvider.swift
[357/480] Compiling CodeEditorPlugin BaseUIComponents.swift
[358/480] Compiling CodeEditorPlugin CodeEditorContainerView+AppKitExtensions.swift
[359/480] Compiling CodeEditorPlugin CodeEditorContainerView+Configuration.swift
[360/480] Compiling CodeEditorPlugin CodeEditorContainerView+Keyboard.swift
[361/480] Compiling CodeEditorPlugin TextLocationRange+Extensions.swift
[362/480] Compiling CodeEditorPlugin TextParsingUtilities.swift
[363/480] Compiling CodeEditorPlugin TextProcessingPipeline.swift
[364/480] Compiling CodeEditorPlugin TextProcessingUtilities.swift
[365/480] Compiling CodeEditorPlugin TextSelectionRect.swift
[366/480] Compiling CodeEditorPlugin TextSystemStyler.swift
[367/480] Compiling CodeEditorPlugin ThreePhaseRangeValidator.swift
[368/480] Compiling CodeEditorPlugin ThreePhaseTextSystemStyler.swift
[369/480] Compiling CodeEditorPlugin TokenSystemValidator.swift
[370/480] Compiling CodeEditorPlugin ValidationContext.swift
[371/480] Compiling CodeEditorPlugin VersionedRange.swift
[372/480] Compiling CodeEditorPlugin AsyncOperationManager+BatchExtensions.swift
[373/480] Compiling CodeEditorPlugin AsyncOperationManager+DebouncingExtensions.swift
[374/480] Compiling CodeEditorPlugin AsyncOperationManager+OptimizedDebouncing.swift
[375/480] Compiling CodeEditorPlugin AsyncOperationManager+RetryExtensions.swift
[376/480] Compiling CodeEditorPlugin AsyncOperationManager+SchedulingExtensions.swift
[377/480] Compiling CodeEditorPlugin AsyncOperationManager+ThrottlingExtensions.swift
[378/480] Compiling CodeEditorPlugin AsyncOperationManager.swift
[379/480] Compiling CodeEditorPlugin CoordinateSystemHelper.swift
[380/480] Compiling CodeEditorPlugin CrossPlatformLogger.swift
[381/480] Compiling CodeEditorPlugin LRUCache.swift
[382/480] Compiling CodeEditorPlugin Range+Extensions.swift
[383/480] Compiling CodeEditorPlugin TestEnvironmentDetector.swift
[384/480] Compiling CodeEditorPlugin TextMetricsCalculator.swift
[385/480] Compiling CodeEditorPlugin PlatformBuildHelpers.swift
[386/480] Compiling CodeEditorPlugin PlatformCapabilities+InputExtensions.swift
[387/480] Compiling CodeEditorPlugin PlatformCapabilities+PerformanceExtensions.swift
[388/480] Compiling CodeEditorPlugin PlatformCapabilities+TextKitExtensions.swift
[389/480] Compiling CodeEditorPlugin PlatformCapabilities+UIExtensions.swift
[390/480] Compiling CodeEditorPlugin PlatformCapabilities.swift
[391/480] Compiling CodeEditorPlugin PlatformColors.swift
[392/480] Compiling CodeEditorPlugin PlatformConfigurations.swift
[393/480] Compiling CodeEditorPlugin PlatformConstants.swift
[394/480] Compiling CodeEditorPlugin PlatformFonts.swift
[395/480] Compiling CodeEditorPlugin PlatformImports.swift
[396/480] Compiling CodeEditorPlugin PlatformInputTypes.swift
[397/480] Compiling CodeEditorPlugin PlatformMemoryProvider.swift
[398/480] Compiling CodeEditorPlugin PlatformServiceExtensions.swift
[399/480] Compiling CodeEditorPlugin PlatformServiceImplementations.swift
[400/480] Compiling CodeEditorPlugin PlatformServiceLayer.swift
[401/480] Compiling CodeEditorPlugin TextInputFeatures.swift
[402/480] Compiling CodeEditorPlugin ToolbarCoordinator.swift
[403/480] Compiling CodeEditorPlugin UnifiedDrawingCoordinator.swift
[404/480] Compiling CodeEditorPlugin module.swift
[405/480] Compiling CodeEditorPlugin CodeEditor+AppKitExtensions.swift
[406/480] Compiling CodeEditorPlugin CodeEditor+CompletionExtensions.swift
[407/480] Compiling CodeEditorPlugin CodeEditor+CoordinatorsExtensions.swift
[408/480] Compiling CodeEditorPlugin CodeEditor+FactoryExtensions.swift
[409/480] Compiling CodeEditorPlugin ViewportSyntaxCoordinator.swift
[410/480] Compiling CodeEditorPlugin AsyncTextProcessor.swift
[411/480] Compiling CodeEditorPlugin AwaitableQueue.swift
[412/480] Compiling CodeEditorPlugin BackgroundProcessor.swift
[413/480] Compiling CodeEditorPlugin HybridSyncAsyncValueProvider.swift
[414/480] Compiling CodeEditorPlugin HybridSyncAsyncVersionedResource.swift
[415/480] Compiling CodeEditorPlugin LineIndexCache.swift
[416/480] Compiling CodeEditorPlugin ModernTextKit2Bridge.swift
[417/480] Compiling CodeEditorPlugin ModernTextKitHelper.swift
[418/480] Compiling CodeEditorPlugin ParagraphStyleCache.swift
[419/480] Compiling CodeEditorPlugin RangeInvalidationBuffer.swift
[420/480] Compiling CodeEditorPlugin RangeProcessor.swift
[421/480] Compiling CodeEditorPlugin RangeTarget.swift
[422/480] Compiling CodeEditorPlugin RangeUtilities.swift
[423/480] Compiling CodeEditorPlugin RangeValidator.swift
[424/480] Compiling CodeEditorPlugin SinglePhaseRangeValidator.swift
[425/480] Compiling CodeEditorPlugin TextKit2PerformanceHelper.swift
[426/480] Compiling CodeEditorPlugin TextKit2RenderingOptimizer.swift
[427/480] Compiling CodeEditorPlugin TextKitBridge.swift
[428/480] Compiling CodeEditorPlugin TextKitLineNumberHelper.swift
[429/480] Compiling CodeEditorPlugin TextLayoutFragment.swift
[430/480] Compiling CodeEditorPlugin TextLayoutFragmentView.swift
[431/480] Compiling CodeEditorPlugin TextLayoutManager.swift
[432/480] Compiling CodeEditorPlugin TextLocation.swift
[433/480] Compiling CodeEditorPlugin CodeEditor+ModifiersExtensions.swift
[434/480] Compiling CodeEditorPlugin CodeEditor+UIKitExtensions.swift
[435/480] Compiling CodeEditorPlugin CodeEditor.swift
[436/480] Compiling CodeEditorPlugin CodeEditorEnvironment+Extensions.swift
[437/480] Compiling CodeEditorPlugin CodeEditorRepresentableHelper.swift
[438/480] Compiling CodeEditorPlugin CodeEditorTheme+Extensions.swift
[439/480] Compiling CodeEditorPlugin AdaptiveColorSystem.swift
[440/480] Compiling CodeEditorPlugin AsyncSyntaxHighlighter.swift
[441/480] Compiling CodeEditorPlugin BackgroundHighlightingActor.swift
[442/480] Compiling CodeEditorPlugin BackgroundHighlightingTypes.swift
[443/480] Compiling CodeEditorPlugin BackgroundSyntaxHighlighter.swift
[444/480] Compiling CodeEditorPlugin FastJSONTokenizer.swift
[445/480] Compiling CodeEditorPlugin LanguageRegistry.swift
[446/480] Compiling CodeEditorPlugin RegexSyntaxHighlighter+BuilderExtensions.swift
[447/480] Compiling CodeEditorPlugin RegexSyntaxHighlighter+IntervalTreeExtensions.swift
[448/480] Compiling CodeEditorPlugin RegexSyntaxHighlighter+LanguagesExtensions.swift
[449/480] Compiling CodeEditorPlugin RegexSyntaxHighlighter+TypesExtensions.swift
[450/480] Compiling CodeEditorPlugin RegexSyntaxHighlighter.swift
[451/480] Compiling CodeEditorPlugin SmartTokenCache.swift
[452/480] Compiling CodeEditorPlugin SyntaxColorScheme.swift
[453/480] Compiling CodeEditorPlugin SyntaxHighlightingCoordinator.swift
[454/480] Compiling CodeEditorPlugin SyntaxHighlightingPerformanceMonitor.swift
[455/480] Compiling CodeEditorPlugin Theme.swift
[456/480] Compiling CodeEditorPlugin TokenName.swift
[457/480] Compiling CodeEditorPlugin Token.swift
[458/480] Compiling CodeEditorPlugin Versioned.swift
[459/480] Compiling CodeEditorPlugin VersionedContent.swift
[460/480] Compiling CodeEditorPlugin AdaptivePerformanceMode.swift
[461/480] Compiling CodeEditorPlugin MemoryMonitor.swift
[462/480] Compiling CodeEditorPlugin PerformanceInsights.swift
[463/480] Compiling CodeEditorPlugin PerformanceMonitor.swift
[464/480] Compiling CodeEditorPlugin PerformanceTypes.swift
[465/480] Compiling CodeEditorPlugin PerformanceViews.swift
[466/480] Compiling CodeEditorPlugin ProductionPerformanceMetrics.swift
[467/480] Compiling CodeEditorPlugin UnifiedPerformanceSystem.swift
[468/480] Compiling CodeEditorPlugin ViewportManager.swift
[469/480] Compiling CodeEditorPlugin CatalystColorHelper.swift
[470/480] Compiling CodeEditorPlugin ContextMenuAction.swift
[471/480] Compiling CodeEditorPlugin ContextMenuBuilder.swift
[472/480] Compiling CodeEditorPlugin ContextMenuCoordinator.swift
[473/480] Compiling CodeEditorPlugin CrossPlatformCoordinator+AppKitExtensions.swift
[474/480] Compiling CodeEditorPlugin CrossPlatformCoordinator+UIKitExtensions.swift
[475/480] Compiling CodeEditorPlugin CrossPlatformCoordinator.swift
[476/480] Compiling CodeEditorPlugin DeviceType.swift
[477/480] Compiling CodeEditorPlugin InputCoordinator.swift
[478/480] Compiling CodeEditorPlugin ObserverStore.swift
[479/480] Compiling CodeEditorPlugin PlatformAdjustments+Extensions.swift
[480/480] Compiling CodeEditorPlugin PlatformAnimation.swift
Build complete! (26.67s)
